<html>
<body>
<pre>
<h1>礦ision Build Log</h1>
<h2>Tool Versions:</h2>
IDE-Version: μVision V5.27.0.0
Copyright (C) 2018 ARM Ltd and ARM Germany GmbH. All rights reserved.
License Information: ccg hp, df, LIC=21ETG-VPX26-M93GG-VC2QJ-NW0Z2-V12LE
 
Tool Versions:
Toolchain:       MDK-ARM Plus  Version: 5.27.0.0
Toolchain Path:  d:\Keil_v5\ARM\ARMCC\Bin
C Compiler:      Armcc.exe V5.06 update 6 (build 750)
Assembler:       Armasm.exe V5.06 update 6 (build 750)
Linker/Locator:  ArmLink.exe V5.06 update 6 (build 750)
Library Manager: ArmAr.exe V5.06 update 6 (build 750)
Hex Converter:   FromElf.exe V5.06 update 6 (build 750)
CPU DLL:         SARMCM3.DLL V5.27.0.0
Dialog DLL:      DCM.DLL V1.17.2.0
Target DLL:      STLink\ST-LINKIII-KEIL_SWO.dll V3.0.5.0
Dialog DLL:      TCM.DLL V1.36.1.0
 
<h2>Project:</h2>
C:\Users\hp\Desktop\Ward_calling_system\特殊病房\USER\Template.uvprojx
Project File Date:  02/06/2021

<h2>Output:</h2>
*** Using Compiler 'V5.06 update 6 (build 750)', folder: 'd:\Keil_v5\ARM\ARMCC\Bin'
Rebuild target 'Template'
compiling stm32f10x_it.c...
compiling system_stm32f10x.c...
compiling main.c...
main.c(76): warning:  #223-D: function "USART_Config" declared implicitly
  	USART_Config();    //usart3初始化，用于驱动串口屏
main.c(106): warning:  #177-D: variable "j"  was declared but never referenced
    int j = 0,i = 0;
main.c(107): warning:  #177-D: variable "adcx"  was declared but never referenced
  	u16 adcx,adco;
main.c(107): warning:  #177-D: variable "adco"  was declared but never referenced
  	u16 adcx,adco;
main.c: 4 warnings, 0 errors
compiling usart.c...
compiling delay.c...
assembling startup_stm32f10x_md.s...
compiling sys.c...
compiling misc.c...
compiling core_cm3.c...
compiling stm32f10x_gpio.c...
compiling stm32f10x_usart.c...
compiling stm32f10x_rcc.c...
compiling stm32f10x_dma.c...
compiling stm32f10x_adc.c...
compiling stm32f10x_i2c.c...
compiling MqttKit.c...
compiling esp8266.c...
compiling led.c...
compiling onenet.c...
..\NET\onenet\onenet.c(104): warning:  #177-D: variable "i"  was declared but never referenced
  	static int i = 0;
..\NET\onenet\onenet.c(214): warning:  #177-D: variable "dataPtr"  was declared but never referenced
  	char *dataPtr = NULL;
..\NET\onenet\onenet.c(215): warning:  #177-D: variable "numBuf"  was declared but never referenced
  	char numBuf[10];
..\NET\onenet\onenet.c(216): warning:  #177-D: variable "num"  was declared but never referenced
  	int num = 0;
..\NET\onenet\onenet.c: 4 warnings, 0 errors
compiling ds18b20.c...
compiling beep.c...
compiling dht11.c...
compiling GY_I2C.c...
compiling GY_906.c...
compiling key.c...
compiling ToUpperComputer.c...
compiling send_uart.c...
..\HARDWARE\send_uart\send_uart.c(63): warning:  #167-D: argument of type "char *" is incompatible with parameter of type "u8 *"
  		USARTx_Send(USART3,str1,strlen(str1));
..\HARDWARE\send_uart\send_uart.c(64): warning:  #167-D: argument of type "char *" is incompatible with parameter of type "u8 *"
  		USARTx_Send(USART3,hex_END,3);   
..\HARDWARE\send_uart\send_uart.c(105): warning:  #167-D: argument of type "char *" is incompatible with parameter of type "u8 *"
        USARTx_Send(USART3,str1,strlen(str1));
..\HARDWARE\send_uart\send_uart.c(106): warning:  #167-D: argument of type "char *" is incompatible with parameter of type "u8 *"
        USARTx_Send(USART3,hex_END,3);
..\HARDWARE\send_uart\send_uart.c(110): warning:  #167-D: argument of type "char *" is incompatible with parameter of type "u8 *"
        USARTx_Send(USART3,str1,strlen(str1));
..\HARDWARE\send_uart\send_uart.c(111): warning:  #167-D: argument of type "char *" is incompatible with parameter of type "u8 *"
        USARTx_Send(USART3,hex_END,3);
..\HARDWARE\send_uart\send_uart.c(115): warning:  #167-D: argument of type "char *" is incompatible with parameter of type "u8 *"
        USARTx_Send(USART3,str1,strlen(str1));
..\HARDWARE\send_uart\send_uart.c(116): warning:  #167-D: argument of type "char *" is incompatible with parameter of type "u8 *"
        USARTx_Send(USART3,hex_END,3);
..\HARDWARE\send_uart\send_uart.c(171): warning:  #167-D: argument of type "u8 *" is incompatible with parameter of type "char *"
       flag = find_str(USART_RX_BUF3,"KEY");
..\HARDWARE\send_uart\send_uart.c(177): warning:  #167-D: argument of type "u8 *" is incompatible with parameter of type "const char *"
       memset(USART_RX_BUF3,0,strlen(USART_RX_BUF3));
..\HARDWARE\send_uart\send_uart.c(167): warning:  #177-D: variable "i"  was declared but never referenced
     int i = 0;
..\HARDWARE\send_uart\send_uart.c: 11 warnings, 0 errors
compiling bsp_adc.c...
compiling bsp_usart.c...
linking...
Program Size: Code=15424 RO-data=268 RW-data=124 ZI-data=2068  
FromELF: creating hex file...
"..\OBJ\Template.axf" - 0 Error(s), 19 Warning(s).

<h2>Software Packages used:</h2>

Package Vendor: Keil
                http://www.keil.com/pack/Keil.STM32F1xx_DFP.1.0.5.pack
                Keil.STM32F1xx_DFP.1.0.5
                STMicroelectronics STM32F1 Series Device Support, Drivers and Examples

<h2>Collection of Component include folders:</h2>
  .\RTE\_Template
  d:\Keil_v5\ARM\PACK\Keil\STM32F1xx_DFP\1.0.5\Device\Include

<h2>Collection of Component Files used:</h2>
Build Time Elapsed:  00:00:12
</pre>
</body>
</html>
