Component: ARM Compiler 5.06 update 6 (build 750) Tool: armlink [4d35ed]

==============================================================================

Section Cross References

    main.o(i.Hardware_Init) refers to misc.o(i.NVIC_PriorityGroupConfig) for NVIC_PriorityGroupConfig
    main.o(i.Hardware_Init) refers to delay.o(i.delay_init) for delay_init
    main.o(i.Hardware_Init) refers to usart.o(i.Usart1_Init) for Usart1_Init
    main.o(i.Hardware_Init) refers to esp8266.o(i.Usart2_Init) for Usart2_Init
    main.o(i.Hardware_Init) refers to led.o(i.LED_Init) for LED_Init
    main.o(i.Hardware_Init) refers to dht11.o(i.DHT11_Init) for DHT11_Init
    main.o(i.Hardware_Init) refers to ds18b20.o(i.DS18B20_Init) for DS18B20_Init
    main.o(i.Hardware_Init) refers to key.o(i.KEY_Init) for KEY_Init
    main.o(i.Net_Init) refers to esp8266.o(i.ESP8266_Init) for ESP8266_Init
    main.o(i.Net_Init) refers to delay.o(i.delay_ms) for delay_ms
    main.o(i.Net_Init) refers to onenet.o(i.OneNet_DevLink) for OneNet_DevLink
    main.o(i.main) refers to main.o(i.Hardware_Init) for Hardware_Init
    main.o(i.main) refers to main.o(i.Net_Init) for Net_Init
    main.o(i.main) refers to onenet.o(i.OneNet_SendData) for OneNet_SendData
    main.o(i.main) refers to delay.o(i.delay_ms) for delay_ms
    main.o(i.main) refers to key.o(i.deal_key_val) for deal_key_val
    main.o(i.main) refers to dht11.o(i.DHT11_Read_Data) for DHT11_Read_Data
    main.o(i.main) refers to ds18b20.o(i.DS18B20_Get_Temp) for DS18B20_Get_Temp
    main.o(i.main) refers to fflti.o(.text) for __aeabi_i2f
    main.o(i.main) refers to esp8266.o(i.ESP8266_Clear) for ESP8266_Clear
    main.o(i.main) refers to esp8266.o(i.ESP8266_GetIPD) for ESP8266_GetIPD
    main.o(i.main) refers to onenet.o(i.OneNet_RevPro) for OneNet_RevPro
    main.o(i.main) refers to main.o(.data) for humidity
    system_stm32f10x.o(i.SetSysClock) refers to system_stm32f10x.o(i.SetSysClockTo72) for SetSysClockTo72
    system_stm32f10x.o(i.SystemCoreClockUpdate) refers to system_stm32f10x.o(.data) for SystemCoreClock
    system_stm32f10x.o(i.SystemInit) refers to system_stm32f10x.o(i.SetSysClock) for SetSysClock
    delay.o(i.delay_init) refers to misc.o(i.SysTick_CLKSourceConfig) for SysTick_CLKSourceConfig
    delay.o(i.delay_init) refers to system_stm32f10x.o(.data) for SystemCoreClock
    delay.o(i.delay_init) refers to delay.o(.data) for fac_us
    delay.o(i.delay_ms) refers to delay.o(.data) for fac_ms
    delay.o(i.delay_us) refers to delay.o(.data) for fac_us
    usart.o(i.USART1_IRQHandler) refers to stm32f10x_usart.o(i.USART_GetITStatus) for USART_GetITStatus
    usart.o(i.USART1_IRQHandler) refers to stm32f10x_usart.o(i.USART_ReceiveData) for USART_ReceiveData
    usart.o(i.USART1_IRQHandler) refers to usart.o(.data) for USART_RX_STA
    usart.o(i.USART1_IRQHandler) refers to usart.o(.bss) for USART_RX_BUF
    usart.o(i.Usart1_Init) refers to stm32f10x_rcc.o(i.RCC_APB2PeriphClockCmd) for RCC_APB2PeriphClockCmd
    usart.o(i.Usart1_Init) refers to stm32f10x_gpio.o(i.GPIO_Init) for GPIO_Init
    usart.o(i.Usart1_Init) refers to misc.o(i.NVIC_Init) for NVIC_Init
    usart.o(i.Usart1_Init) refers to stm32f10x_usart.o(i.USART_Init) for USART_Init
    usart.o(i.Usart1_Init) refers to stm32f10x_usart.o(i.USART_ITConfig) for USART_ITConfig
    usart.o(i.Usart1_Init) refers to stm32f10x_usart.o(i.USART_Cmd) for USART_Cmd
    startup_stm32f10x_md.o(RESET) refers to startup_stm32f10x_md.o(STACK) for __initial_sp
    startup_stm32f10x_md.o(RESET) refers to startup_stm32f10x_md.o(.text) for Reset_Handler
    startup_stm32f10x_md.o(RESET) refers to stm32f10x_it.o(i.NMI_Handler) for NMI_Handler
    startup_stm32f10x_md.o(RESET) refers to stm32f10x_it.o(i.HardFault_Handler) for HardFault_Handler
    startup_stm32f10x_md.o(RESET) refers to stm32f10x_it.o(i.MemManage_Handler) for MemManage_Handler
    startup_stm32f10x_md.o(RESET) refers to stm32f10x_it.o(i.BusFault_Handler) for BusFault_Handler
    startup_stm32f10x_md.o(RESET) refers to stm32f10x_it.o(i.UsageFault_Handler) for UsageFault_Handler
    startup_stm32f10x_md.o(RESET) refers to stm32f10x_it.o(i.SVC_Handler) for SVC_Handler
    startup_stm32f10x_md.o(RESET) refers to stm32f10x_it.o(i.DebugMon_Handler) for DebugMon_Handler
    startup_stm32f10x_md.o(RESET) refers to stm32f10x_it.o(i.PendSV_Handler) for PendSV_Handler
    startup_stm32f10x_md.o(RESET) refers to usart.o(i.USART1_IRQHandler) for USART1_IRQHandler
    startup_stm32f10x_md.o(RESET) refers to esp8266.o(i.USART2_IRQHandler) for USART2_IRQHandler
    startup_stm32f10x_md.o(.text) refers to system_stm32f10x.o(i.SystemInit) for SystemInit
    startup_stm32f10x_md.o(.text) refers to entry.o(.ARM.Collect$$$$00000000) for __main
    stm32f10x_gpio.o(i.GPIO_AFIODeInit) refers to stm32f10x_rcc.o(i.RCC_APB2PeriphResetCmd) for RCC_APB2PeriphResetCmd
    stm32f10x_gpio.o(i.GPIO_DeInit) refers to stm32f10x_rcc.o(i.RCC_APB2PeriphResetCmd) for RCC_APB2PeriphResetCmd
[...]
    printf8.o(i.__0fprintf$8) refers to usart.o(i.fputc) for fputc
    printf8.o(i.__0printf$8) refers to printf8.o(i._printf_core) for _printf_core
    printf8.o(i.__0printf$8) refers to usart.o(i.fputc) for fputc
    printf8.o(i.__0printf$8) refers to usart.o(.data) for __stdout
    printf8.o(i.__0snprintf$8) refers to printf8.o(i._printf_core) for _printf_core
    printf8.o(i.__0snprintf$8) refers to printf8.o(i._snputc) for _snputc
    printf8.o(i.__0sprintf$8) refers to printf8.o(i._printf_core) for _printf_core
    printf8.o(i.__0sprintf$8) refers to printf8.o(i._sputc) for _sputc
    printf8.o(i.__0vfprintf$8) refers to printf8.o(i._printf_core) for _printf_core
    printf8.o(i.__0vfprintf$8) refers to usart.o(i.fputc) for fputc
    printf8.o(i.__0vprintf$8) refers to printf8.o(i._printf_core) for _printf_core
    printf8.o(i.__0vprintf$8) refers to usart.o(i.fputc) for fputc
    printf8.o(i.__0vprintf$8) refers to usart.o(.data) for __stdout
    printf8.o(i.__0vsnprintf$8) refers to printf8.o(i._printf_core) for _printf_core
    printf8.o(i.__0vsnprintf$8) refers to printf8.o(i._snputc) for _snputc
    printf8.o(i.__0vsprintf$8) refers to printf8.o(i._printf_core) for _printf_core
    printf8.o(i.__0vsprintf$8) refers to printf8.o(i._sputc) for _sputc
    printf8.o(i._printf_core) refers to printf8.o(i._printf_pre_padding) for _printf_pre_padding
    printf8.o(i._printf_core) refers to uldiv.o(.text) for __aeabi_uldivmod
    printf8.o(i._printf_core) refers to printf8.o(i._printf_post_padding) for _printf_post_padding
    printfa.o(i.__0fprintf) refers (Special) to iusefp.o(.text) for __I$use$fp
    printfa.o(i.__0fprintf) refers to printfa.o(i._printf_core) for _printf_core
    printfa.o(i.__0fprintf) refers to usart.o(i.fputc) for fputc
    printfa.o(i.__0printf) refers (Special) to iusefp.o(.text) for __I$use$fp
    printfa.o(i.__0printf) refers to printfa.o(i._printf_core) for _printf_core
    printfa.o(i.__0printf) refers to usart.o(i.fputc) for fputc
    printfa.o(i.__0printf) refers to usart.o(.data) for __stdout
    printfa.o(i.__0snprintf) refers (Special) to iusefp.o(.text) for __I$use$fp
    printfa.o(i.__0snprintf) refers to printfa.o(i._printf_core) for _printf_core
    printfa.o(i.__0snprintf) refers to printfa.o(i._snputc) for _snputc
    printfa.o(i.__0sprintf) refers (Special) to iusefp.o(.text) for __I$use$fp
    printfa.o(i.__0sprintf) refers to printfa.o(i._printf_core) for _printf_core
    printfa.o(i.__0sprintf) refers to printfa.o(i._sputc) for _sputc
    printfa.o(i.__0vfprintf) refers (Special) to iusefp.o(.text) for __I$use$fp
    printfa.o(i.__0vfprintf) refers to printfa.o(i._printf_core) for _printf_core
    printfa.o(i.__0vfprintf) refers to usart.o(i.fputc) for fputc
    printfa.o(i.__0vprintf) refers (Special) to iusefp.o(.text) for __I$use$fp
    printfa.o(i.__0vprintf) refers to printfa.o(i._printf_core) for _printf_core
    printfa.o(i.__0vprintf) refers to usart.o(i.fputc) for fputc
    printfa.o(i.__0vprintf) refers to usart.o(.data) for __stdout
    printfa.o(i.__0vsnprintf) refers (Special) to iusefp.o(.text) for __I$use$fp
    printfa.o(i.__0vsnprintf) refers to printfa.o(i._printf_core) for _printf_core
    printfa.o(i.__0vsnprintf) refers to printfa.o(i._snputc) for _snputc
    printfa.o(i.__0vsprintf) refers (Special) to iusefp.o(.text) for __I$use$fp
    printfa.o(i.__0vsprintf) refers to printfa.o(i._printf_core) for _printf_core
    printfa.o(i.__0vsprintf) refers to printfa.o(i._sputc) for _sputc
    printfa.o(i._fp_digits) refers (Special) to iusefp.o(.text) for __I$use$fp
    printfa.o(i._fp_digits) refers to dmul.o(.text) for __aeabi_dmul
    printfa.o(i._fp_digits) refers to ddiv.o(.text) for __aeabi_ddiv
    printfa.o(i._fp_digits) refers to cdrcmple.o(.text) for __aeabi_cdrcmple
    printfa.o(i._fp_digits) refers to dadd.o(.text) for __aeabi_dadd
    printfa.o(i._fp_digits) refers to dfixul.o(.text) for __aeabi_d2ulz
    printfa.o(i._fp_digits) refers to uldiv.o(.text) for __aeabi_uldivmod
    printfa.o(i._printf_core) refers (Special) to iusefp.o(.text) for __I$use$fp
    printfa.o(i._printf_core) refers to printfa.o(i._printf_pre_padding) for _printf_pre_padding
    printfa.o(i._printf_core) refers to uldiv.o(.text) for __aeabi_uldivmod
    printfa.o(i._printf_core) refers to printfa.o(i._printf_post_padding) for _printf_post_padding
    printfa.o(i._printf_core) refers to printfa.o(i._fp_digits) for _fp_digits
    printfa.o(i._printf_core) refers to uidiv.o(.text) for __aeabi_uidivmod
    printfa.o(i._printf_post_padding) refers (Special) to iusefp.o(.text) for __I$use$fp
    printfa.o(i._printf_pre_padding) refers (Special) to iusefp.o(.text) for __I$use$fp
    printfa.o(i._snputc) refers (Special) to iusefp.o(.text) for __I$use$fp
    printfa.o(i._sputc) refers (Special) to iusefp.o(.text) for __I$use$fp
    malloc.o(i.free) refers to mvars.o(.data) for __microlib_freelist
    malloc.o(i.malloc) refers to mvars.o(.data) for __microlib_freelist_initialised
    malloc.o(i.malloc) refers to mvars.o(.data) for __microlib_freelist
    malloc.o(i.malloc) refers to startup_stm32f10x_md.o(HEAP) for __heap_base
    mallocr.o(i.__free$realloc) refers to mvars.o(.data) for __microlib_freelist
    mallocr.o(i.__malloc$realloc) refers to mallocr.o(i.internal_alloc) for internal_alloc
    mallocr.o(i.__malloc$realloc) refers to mvars.o(.data) for __microlib_freelist_initialised
    mallocr.o(i.__malloc$realloc) refers to startup_stm32f10x_md.o(HEAP) for __heap_base
    mallocr.o(i.__malloc$realloc) refers to mvars.o(.data) for __microlib_freelist
    mallocr.o(i.internal_alloc) refers to memcpya.o(.text) for __aeabi_memcpy
    mallocr.o(i.internal_alloc) refers to mvars.o(.data) for __microlib_freelist
    mallocr.o(i.realloc) refers to mallocr.o(i.__free$realloc) for __free$realloc
    mallocr.o(i.realloc) refers to mallocr.o(i.internal_alloc) for internal_alloc
    mallocr.o(i.realloc) refers to mallocr.o(i.__malloc$realloc) for __malloc$realloc
    mallocr.o(i.realloc) refers to mvars.o(.data) for __microlib_freelist
    malloca.o(i.__aligned_malloc) refers to mvars.o(.data) for __microlib_freelist_initialised
    malloca.o(i.__aligned_malloc) refers to mvars.o(.data) for __microlib_freelist
    malloca.o(i.__aligned_malloc) refers to startup_stm32f10x_md.o(HEAP) for __heap_base
    malloca.o(i.__free$memalign) refers to mvars.o(.data) for __microlib_freelist
    malloca.o(i.__malloc$memalign) refers to malloca.o(i.__aligned_malloc) for __aligned_malloc
    mallocra.o(i.__aligned_malloc$realloc) refers to mallocra.o(i.internal_alloc) for internal_alloc
    mallocra.o(i.__aligned_malloc$realloc) refers to mvars.o(.data) for __microlib_freelist_initialised
    mallocra.o(i.__aligned_malloc$realloc) refers to startup_stm32f10x_md.o(HEAP) for __heap_base
    mallocra.o(i.__aligned_malloc$realloc) refers to mvars.o(.data) for __microlib_freelist
    mallocra.o(i.__free$realloc$memalign) refers to mvars.o(.data) for __microlib_freelist
    mallocra.o(i.__malloc$realloc$memalign) refers to mallocra.o(i.__aligned_malloc$realloc) for __aligned_malloc$realloc
    mallocra.o(i.__realloc$memalign) refers to mallocra.o(i.__free$realloc$memalign) for __free$realloc$memalign
    mallocra.o(i.__realloc$memalign) refers to mallocra.o(i.internal_alloc) for internal_alloc
    mallocra.o(i.__realloc$memalign) refers to mallocra.o(i.__malloc$realloc$memalign) for __malloc$realloc$memalign
    mallocra.o(i.__realloc$memalign) refers to mvars.o(.data) for __microlib_freelist
    mallocra.o(i.internal_alloc) refers to memcpya.o(.text) for __aeabi_memcpy
    mallocra.o(i.internal_alloc) refers to mvars.o(.data) for __microlib_freelist
    dadd.o(.text) refers (Special) to iusefp.o(.text) for __I$use$fp
    dadd.o(.text) refers to llshl.o(.text) for __aeabi_llsl
    dadd.o(.text) refers to llsshr.o(.text) for __aeabi_lasr
    dadd.o(.text) refers to depilogue.o(.text) for _double_epilogue
    dmul.o(.text) refers (Special) to iusefp.o(.text) for __I$use$fp
    dmul.o(.text) refers to depilogue.o(.text) for _double_epilogue
    ddiv.o(.text) refers (Special) to iusefp.o(.text) for __I$use$fp
    ddiv.o(.text) refers to depilogue.o(.text) for _double_round
    fflti.o(.text) refers (Special) to iusefp.o(.text) for __I$use$fp
    fflti.o(.text) refers to fepilogue.o(.text) for _float_epilogue
    dfltui.o(.text) refers (Special) to iusefp.o(.text) for __I$use$fp
    dfltui.o(.text) refers to depilogue.o(.text) for _double_epilogue
    dfixi.o(.text) refers (Special) to iusefp.o(.text) for __I$use$fp
    dfixi.o(.text) refers to llushr.o(.text) for __aeabi_llsr
    f2d.o(.text) refers (Special) to iusefp.o(.text) for __I$use$fp
    d2f.o(.text) refers (Special) to iusefp.o(.text) for __I$use$fp
    d2f.o(.text) refers to fepilogue.o(.text) for _float_round
    entry2.o(.ARM.Collect$$$$00000001) refers to entry2.o(.ARM.Collect$$$$00002712) for __lit__00000000
    entry2.o(.ARM.Collect$$$$00002712) refers to startup_stm32f10x_md.o(STACK) for __initial_sp
    entry2.o(__vectab_stack_and_reset_area) refers to startup_stm32f10x_md.o(STACK) for __initial_sp
    entry2.o(__vectab_stack_and_reset_area) refers to entry.o(.ARM.Collect$$$$00000000) for __main
    entry5.o(.ARM.Collect$$$$00000004) refers to init.o(.text) for __scatterload
    entry9a.o(.ARM.Collect$$$$0000000B) refers to main.o(i.main) for main
    entry9b.o(.ARM.Collect$$$$0000000C) refers to main.o(i.main) for main
    uldiv.o(.text) refers to llushr.o(.text) for __aeabi_llsr
    uldiv.o(.text) refers to llshl.o(.text) for __aeabi_llsl
    depilogue.o(.text) refers to llshl.o(.text) for __aeabi_llsl
    depilogue.o(.text) refers to llushr.o(.text) for __aeabi_llsr
    dfixul.o(.text) refers to llushr.o(.text) for __aeabi_llsr
    dfixul.o(.text) refers to llshl.o(.text) for __aeabi_llsl
    init.o(.text) refers to entry5.o(.ARM.Collect$$$$00000004) for __main_after_scatterload


==============================================================================

Removing Unused input sections from the image.

    Removing stm32f10x_it.o(i.SysTick_Handler), (2 bytes).
    Removing system_stm32f10x.o(i.SystemCoreClockUpdate), (164 bytes).
    Removing sys.o(.emb_text), (6 bytes).
    Removing sys.o(i.INTX_DISABLE), (4 bytes).
    Removing sys.o(i.INTX_ENABLE), (4 bytes).
    Removing sys.o(i.WFI_SET), (4 bytes).
    Removing usart.o(i._sys_exit), (4 bytes).
    Removing core_cm3.o(.emb_text), (32 bytes).
    Removing misc.o(i.NVIC_SetVectorTable), (20 bytes).
    Removing misc.o(i.NVIC_SystemLPConfig), (32 bytes).
    Removing stm32f10x_gpio.o(i.GPIO_AFIODeInit), (20 bytes).
    Removing stm32f10x_gpio.o(i.GPIO_DeInit), (200 bytes).
    Removing stm32f10x_gpio.o(i.GPIO_ETH_MediaInterfaceConfig), (12 bytes).
    Removing stm32f10x_gpio.o(i.GPIO_EXTILineConfig), (64 bytes).
    Removing stm32f10x_gpio.o(i.GPIO_EventOutputCmd), (12 bytes).
    Removing stm32f10x_gpio.o(i.GPIO_EventOutputConfig), (32 bytes).
    Removing stm32f10x_gpio.o(i.GPIO_PinLockConfig), (18 bytes).
    Removing stm32f10x_gpio.o(i.GPIO_PinRemapConfig), (144 bytes).
    Removing stm32f10x_gpio.o(i.GPIO_ReadInputData), (8 bytes).
    Removing stm32f10x_gpio.o(i.GPIO_ReadOutputData), (8 bytes).
    Removing stm32f10x_gpio.o(i.GPIO_ReadOutputDataBit), (18 bytes).
    Removing stm32f10x_gpio.o(i.GPIO_StructInit), (16 bytes).
    Removing stm32f10x_gpio.o(i.GPIO_Write), (4 bytes).
    Removing stm32f10x_usart.o(i.USART_ClearITPendingBit), (30 bytes).
    Removing stm32f10x_usart.o(i.USART_ClockInit), (34 bytes).
    Removing stm32f10x_usart.o(i.USART_ClockStructInit), (12 bytes).
    Removing stm32f10x_usart.o(i.USART_DMACmd), (18 bytes).
    Removing stm32f10x_usart.o(i.USART_DeInit), (156 bytes).
    Removing stm32f10x_usart.o(i.USART_HalfDuplexCmd), (24 bytes).
    Removing stm32f10x_usart.o(i.USART_IrDACmd), (24 bytes).
    Removing stm32f10x_usart.o(i.USART_IrDAConfig), (18 bytes).
    Removing stm32f10x_usart.o(i.USART_LINBreakDetectLengthConfig), (18 bytes).
    Removing stm32f10x_usart.o(i.USART_LINCmd), (24 bytes).
    Removing stm32f10x_usart.o(i.USART_OneBitMethodCmd), (24 bytes).
    Removing stm32f10x_usart.o(i.USART_OverSampling8Cmd), (22 bytes).
    Removing stm32f10x_usart.o(i.USART_ReceiverWakeUpCmd), (24 bytes).
    Removing stm32f10x_usart.o(i.USART_SendBreak), (10 bytes).
    Removing stm32f10x_usart.o(i.USART_SetAddress), (18 bytes).
    Removing stm32f10x_usart.o(i.USART_SetGuardTime), (16 bytes).
    Removing stm32f10x_usart.o(i.USART_SetPrescaler), (16 bytes).
    Removing stm32f10x_usart.o(i.USART_SmartCardCmd), (24 bytes).
    Removing stm32f10x_usart.o(i.USART_SmartCardNACKCmd), (24 bytes).
    Removing stm32f10x_usart.o(i.USART_StructInit), (24 bytes).
    Removing stm32f10x_usart.o(i.USART_WakeUpConfig), (18 bytes).
    Removing stm32f10x_rcc.o(i.RCC_ADCCLKConfig), (24 bytes).
    Removing stm32f10x_rcc.o(i.RCC_AHBPeriphClockCmd), (32 bytes).
    Removing stm32f10x_rcc.o(i.RCC_APB1PeriphResetCmd), (32 bytes).
    Removing stm32f10x_rcc.o(i.RCC_APB2PeriphResetCmd), (32 bytes).
    Removing stm32f10x_rcc.o(i.RCC_AdjustHSICalibrationValue), (24 bytes).
    Removing stm32f10x_rcc.o(i.RCC_BackupResetCmd), (12 bytes).
    Removing stm32f10x_rcc.o(i.RCC_ClearFlag), (20 bytes).
    Removing stm32f10x_rcc.o(i.RCC_ClearITPendingBit), (12 bytes).
    Removing stm32f10x_rcc.o(i.RCC_ClockSecuritySystemCmd), (12 bytes).
    Removing stm32f10x_rcc.o(i.RCC_DeInit), (76 bytes).
    Removing stm32f10x_rcc.o(i.RCC_GetFlagStatus), (60 bytes).
    Removing stm32f10x_rcc.o(i.RCC_GetITStatus), (24 bytes).
    Removing stm32f10x_rcc.o(i.RCC_GetSYSCLKSource), (16 bytes).
    Removing stm32f10x_rcc.o(i.RCC_HCLKConfig), (24 bytes).
    Removing stm32f10x_rcc.o(i.RCC_HSEConfig), (76 bytes).
    Removing stm32f10x_rcc.o(i.RCC_HSICmd), (12 bytes).
    Removing stm32f10x_rcc.o(i.RCC_ITConfig), (32 bytes).
    Removing stm32f10x_rcc.o(i.RCC_LSEConfig), (52 bytes).
    Removing stm32f10x_rcc.o(i.RCC_LSICmd), (12 bytes).
    Removing stm32f10x_rcc.o(i.RCC_MCOConfig), (12 bytes).
    Removing stm32f10x_rcc.o(i.RCC_PCLK1Config), (24 bytes).
    Removing stm32f10x_rcc.o(i.RCC_PCLK2Config), (24 bytes).
    Removing stm32f10x_rcc.o(i.RCC_PLLCmd), (12 bytes).
    Removing stm32f10x_rcc.o(i.RCC_PLLConfig), (28 bytes).
    Removing stm32f10x_rcc.o(i.RCC_RTCCLKCmd), (12 bytes).
    Removing stm32f10x_rcc.o(i.RCC_RTCCLKConfig), (16 bytes).
    Removing stm32f10x_rcc.o(i.RCC_SYSCLKConfig), (24 bytes).
    Removing stm32f10x_rcc.o(i.RCC_USBCLKConfig), (12 bytes).
    Removing stm32f10x_rcc.o(i.RCC_WaitForHSEStartUp), (56 bytes).
    Removing stm32f10x_adc.o(i.ADC_AnalogWatchdogCmd), (20 bytes).
    Removing stm32f10x_adc.o(i.ADC_AnalogWatchdogSingleChannelConfig), (16 bytes).
    Removing stm32f10x_adc.o(i.ADC_AnalogWatchdogThresholdsConfig), (6 bytes).
    Removing stm32f10x_adc.o(i.ADC_AutoInjectedConvCmd), (22 bytes).
    Removing stm32f10x_adc.o(i.ADC_ClearFlag), (6 bytes).
    Removing stm32f10x_adc.o(i.ADC_ClearITPendingBit), (10 bytes).
    Removing stm32f10x_adc.o(i.ADC_Cmd), (22 bytes).
    Removing stm32f10x_adc.o(i.ADC_DMACmd), (22 bytes).
    Removing stm32f10x_adc.o(i.ADC_DeInit), (92 bytes).
    Removing stm32f10x_adc.o(i.ADC_DiscModeChannelCountConfig), (24 bytes).
    Removing stm32f10x_adc.o(i.ADC_DiscModeCmd), (22 bytes).
    Removing stm32f10x_adc.o(i.ADC_ExternalTrigConvCmd), (22 bytes).
    Removing stm32f10x_adc.o(i.ADC_ExternalTrigInjectedConvCmd), (22 bytes).
    Removing stm32f10x_adc.o(i.ADC_ExternalTrigInjectedConvConfig), (16 bytes).
    Removing stm32f10x_adc.o(i.ADC_GetCalibrationStatus), (20 bytes).
    Removing stm32f10x_adc.o(i.ADC_GetConversionValue), (8 bytes).
    Removing stm32f10x_adc.o(i.ADC_GetDualModeConversionValue), (12 bytes).
    Removing stm32f10x_adc.o(i.ADC_GetFlagStatus), (18 bytes).
    Removing stm32f10x_adc.o(i.ADC_GetITStatus), (36 bytes).
    Removing stm32f10x_adc.o(i.ADC_GetInjectedConversionValue), (28 bytes).
    Removing stm32f10x_adc.o(i.ADC_GetResetCalibrationStatus), (20 bytes).
    Removing stm32f10x_adc.o(i.ADC_GetSoftwareStartConvStatus), (20 bytes).
    Removing stm32f10x_adc.o(i.ADC_GetSoftwareStartInjectedConvCmdStatus), (20 bytes).
    Removing stm32f10x_adc.o(i.ADC_ITConfig), (24 bytes).
    Removing stm32f10x_adc.o(i.ADC_Init), (80 bytes).
    Removing stm32f10x_adc.o(i.ADC_InjectedChannelConfig), (130 bytes).
    Removing stm32f10x_adc.o(i.ADC_InjectedDiscModeCmd), (22 bytes).
    Removing stm32f10x_adc.o(i.ADC_InjectedSequencerLengthConfig), (24 bytes).
    Removing stm32f10x_adc.o(i.ADC_RegularChannelConfig), (184 bytes).
    Removing stm32f10x_adc.o(i.ADC_ResetCalibration), (10 bytes).
    Removing stm32f10x_adc.o(i.ADC_SetInjectedOffset), (20 bytes).
    Removing stm32f10x_adc.o(i.ADC_SoftwareStartConvCmd), (22 bytes).
    Removing stm32f10x_adc.o(i.ADC_SoftwareStartInjectedConvCmd), (22 bytes).
    Removing stm32f10x_adc.o(i.ADC_StartCalibration), (10 bytes).
    Removing stm32f10x_adc.o(i.ADC_StructInit), (18 bytes).
    Removing stm32f10x_adc.o(i.ADC_TempSensorVrefintCmd), (36 bytes).
    Removing mqttkit.o(i.MQTT_PacketDisConnect), (48 bytes).
    Removing mqttkit.o(i.MQTT_PacketPing), (48 bytes).
    Removing mqttkit.o(i.MQTT_PacketPublishAck), (72 bytes).
    Removing mqttkit.o(i.MQTT_PacketPublishComp), (72 bytes).
    Removing mqttkit.o(i.MQTT_PacketPublishRec), (72 bytes).
    Removing mqttkit.o(i.MQTT_PacketPublishRel), (72 bytes).
    Removing mqttkit.o(i.MQTT_PacketSaveBinData), (212 bytes).
    Removing mqttkit.o(i.MQTT_PacketSubscribe), (254 bytes).
    Removing mqttkit.o(i.MQTT_PacketUnSubscribe), (238 bytes).
    Removing mqttkit.o(i.MQTT_UnPacketPublish), (448 bytes).
    Removing mqttkit.o(i.MQTT_UnPacketPublishComp), (30 bytes).
    Removing mqttkit.o(i.MQTT_UnPacketPublishRec), (30 bytes).
    Removing mqttkit.o(i.MQTT_UnPacketPublishRel), (36 bytes).
    Removing mqttkit.o(i.MQTT_UnPacketSubscribe), (52 bytes).
    Removing mqttkit.o(i.MQTT_UnPacketUnSubscribe), (18 bytes).
    Removing onenet.o(.data), (8 bytes).
    Removing beep.o(i.BEEP_Init), (56 bytes).
    Removing adc.o(i.Adc_Init), (140 bytes).
    Removing adc.o(i.Get_Adc), (52 bytes).
    Removing adc.o(i.Get_Adc_Average), (46 bytes).

129 unused section(s) (total 5320 bytes) removed from the image.

==============================================================================

Image Symbol Table

    Local Symbols

    Symbol Name                              Value     Ov Type        Size  Object(Section)

    ../clib/microlib/division.c              0x00000000   Number         0  uidiv.o ABSOLUTE
    ../clib/microlib/division.c              0x00000000   Number         0  uldiv.o ABSOLUTE
    ../clib/microlib/init/entry.s            0x00000000   Number         0  entry5.o ABSOLUTE
    ../clib/microlib/init/entry.s            0x00000000   Number         0  entry7a.o ABSOLUTE
    ../clib/microlib/init/entry.s            0x00000000   Number         0  entry.o ABSOLUTE
    ../clib/microlib/init/entry.s            0x00000000   Number         0  entry8b.o ABSOLUTE
    ../clib/microlib/init/entry.s            0x00000000   Number         0  entry11b.o ABSOLUTE
    ../clib/microlib/init/entry.s            0x00000000   Number         0  entry7b.o ABSOLUTE
    ../clib/microlib/init/entry.s            0x00000000   Number         0  entry8a.o ABSOLUTE
    ../clib/microlib/init/entry.s            0x00000000   Number         0  entry10b.o ABSOLUTE
    ../clib/microlib/init/entry.s            0x00000000   Number         0  entry11a.o ABSOLUTE
    ../clib/microlib/init/entry.s            0x00000000   Number         0  entry10a.o ABSOLUTE
    ../clib/microlib/init/entry.s            0x00000000   Number         0  entry2.o ABSOLUTE
    ../clib/microlib/init/entry.s            0x00000000   Number         0  entry9b.o ABSOLUTE
    ../clib/microlib/init/entry.s            0x00000000   Number         0  entry9a.o ABSOLUTE
    ../clib/microlib/longlong.c              0x00000000   Number         0  llsshr.o ABSOLUTE
    ../clib/microlib/longlong.c              0x00000000   Number         0  llshl.o ABSOLUTE
    ../clib/microlib/longlong.c              0x00000000   Number         0  llushr.o ABSOLUTE
    ../clib/microlib/malloc/malloc.c         0x00000000   Number         0  mallocr.o ABSOLUTE
    ../clib/microlib/malloc/malloc.c         0x00000000   Number         0  mallocra.o ABSOLUTE
    ../clib/microlib/malloc/malloc.c         0x00000000   Number         0  malloca.o ABSOLUTE
    ../clib/microlib/malloc/malloc.c         0x00000000   Number         0  malloc.o ABSOLUTE
    ../clib/microlib/malloc/mvars.c          0x00000000   Number         0  mvars.o ABSOLUTE
    ../clib/microlib/printf/printf.c         0x00000000   Number         0  printf5.o ABSOLUTE
    ../clib/microlib/printf/printf.c         0x00000000   Number         0  printf7.o ABSOLUTE
    ../clib/microlib/printf/printf.c         0x00000000   Number         0  printf8.o ABSOLUTE
    ../clib/microlib/printf/printf.c         0x00000000   Number         0  printfa.o ABSOLUTE
    ../clib/microlib/printf/printf.c         0x00000000   Number         0  printfb.o ABSOLUTE
    ../clib/microlib/printf/printf.c         0x00000000   Number         0  printf1.o ABSOLUTE
    ../clib/microlib/printf/printf.c         0x00000000   Number         0  printf6.o ABSOLUTE
    ../clib/microlib/printf/printf.c         0x00000000   Number         0  printf2.o ABSOLUTE
    ../clib/microlib/printf/printf.c         0x00000000   Number         0  printf3.o ABSOLUTE
    ../clib/microlib/printf/printf.c         0x00000000   Number         0  printf0.o ABSOLUTE
    ../clib/microlib/printf/printf.c         0x00000000   Number         0  printf4.o ABSOLUTE
    ../clib/microlib/printf/stubs.s          0x00000000   Number         0  stubs.o ABSOLUTE
    ../clib/microlib/string/memcpy.c         0x00000000   Number         0  memcpya.o ABSOLUTE
    ../clib/microlib/string/memcpy.c         0x00000000   Number         0  memcpyb.o ABSOLUTE
    ../clib/microlib/string/memset.c         0x00000000   Number         0  memseta.o ABSOLUTE
    ../clib/microlib/string/strcat.c         0x00000000   Number         0  strcat.o ABSOLUTE
    ../clib/microlib/string/strchr.c         0x00000000   Number         0  strchr.o ABSOLUTE
    ../clib/microlib/string/strcpy.c         0x00000000   Number         0  strcpy.o ABSOLUTE
    ../clib/microlib/string/strlen.c         0x00000000   Number         0  strlen.o ABSOLUTE
    ../clib/microlib/string/strncat.c        0x00000000   Number         0  strncat.o ABSOLUTE
    ../clib/microlib/string/strstr.c         0x00000000   Number         0  strstr.o ABSOLUTE
    ../clib/microlib/stubs.s                 0x00000000   Number         0  useno.o ABSOLUTE
    ../clib/microlib/stubs.s                 0x00000000   Number         0  iusefp.o ABSOLUTE
    ../fplib/microlib/d2f.c                  0x00000000   Number         0  d2f.o ABSOLUTE
    ../fplib/microlib/f2d.c                  0x00000000   Number         0  f2d.o ABSOLUTE
    ../fplib/microlib/fpadd.c                0x00000000   Number         0  dadd.o ABSOLUTE
    ../fplib/microlib/fpdiv.c                0x00000000   Number         0  ddiv.o ABSOLUTE
    ../fplib/microlib/fpepilogue.c           0x00000000   Number         0  depilogue.o ABSOLUTE
    ../fplib/microlib/fpepilogue.c           0x00000000   Number         0  fepilogue.o ABSOLUTE
    ../fplib/microlib/fpfix.c                0x00000000   Number         0  dfixi.o ABSOLUTE
    ../fplib/microlib/fpfix.c                0x00000000   Number         0  dfixul.o ABSOLUTE
    ../fplib/microlib/fpflt.c                0x00000000   Number         0  dfltui.o ABSOLUTE
    ../fplib/microlib/fpflt.c                0x00000000   Number         0  fflti.o ABSOLUTE
    ../fplib/microlib/fpmul.c                0x00000000   Number         0  dmul.o ABSOLUTE
    ..\CORE\core_cm3.c                       0x00000000   Number         0  core_cm3.o ABSOLUTE
    ..\CORE\startup_stm32f10x_md.s           0x00000000   Number         0  startup_stm32f10x_md.o ABSOLUTE
    ..\HARDWARE\ADC\adc.c                    0x00000000   Number         0  adc.o ABSOLUTE
    ..\HARDWARE\BEEP\beep.c                  0x00000000   Number         0  beep.o ABSOLUTE
    ..\HARDWARE\DHT11\dht11.c                0x00000000   Number         0  dht11.o ABSOLUTE
    ..\HARDWARE\DS18B20\ds18b20.c            0x00000000   Number         0  ds18b20.o ABSOLUTE
    ..\HARDWARE\KEY\key.c                    0x00000000   Number         0  key.o ABSOLUTE
    ..\HARDWARE\LED\led.c                    0x00000000   Number         0  led.o ABSOLUTE
    ..\NET\MQTT\MqttKit.c                    0x00000000   Number         0  mqttkit.o ABSOLUTE
    ..\NET\device\esp8266.c                  0x00000000   Number         0  esp8266.o ABSOLUTE
    ..\NET\onenet\onenet.c                   0x00000000   Number         0  onenet.o ABSOLUTE
    ..\STM32F10x_FWLib\src\misc.c            0x00000000   Number         0  misc.o ABSOLUTE
    ..\STM32F10x_FWLib\src\stm32f10x_adc.c   0x00000000   Number         0  stm32f10x_adc.o ABSOLUTE
    ..\STM32F10x_FWLib\src\stm32f10x_gpio.c  0x00000000   Number         0  stm32f10x_gpio.o ABSOLUTE
    ..\STM32F10x_FWLib\src\stm32f10x_rcc.c   0x00000000   Number         0  stm32f10x_rcc.o ABSOLUTE
    ..\STM32F10x_FWLib\src\stm32f10x_usart.c 0x00000000   Number         0  stm32f10x_usart.o ABSOLUTE
    ..\SYSTEM\delay\delay.c                  0x00000000   Number         0  delay.o ABSOLUTE
    ..\SYSTEM\sys\sys.c                      0x00000000   Number         0  sys.o ABSOLUTE
    ..\SYSTEM\usart\usart.c                  0x00000000   Number         0  usart.o ABSOLUTE
    ..\\CORE\\core_cm3.c                     0x00000000   Number         0  core_cm3.o ABSOLUTE
    ..\\SYSTEM\\sys\\sys.c                   0x00000000   Number         0  sys.o ABSOLUTE
    cdrcmple.s                               0x00000000   Number         0  cdrcmple.o ABSOLUTE
    dc.s                                     0x00000000   Number         0  dc.o ABSOLUTE
    handlers.s                               0x00000000   Number         0  handlers.o ABSOLUTE
    init.s                                   0x00000000   Number         0  init.o ABSOLUTE
    main.c                                   0x00000000   Number         0  main.o ABSOLUTE
    stm32f10x_it.c                           0x00000000   Number         0  stm32f10x_it.o ABSOLUTE
    system_stm32f10x.c                       0x00000000   Number         0  system_stm32f10x.o ABSOLUTE
    RESET                                    0x08000000   Section      236  startup_stm32f10x_md.o(RESET)
    .ARM.Collect$$$$00000000                 0x080000ec   Section        0  entry.o(.ARM.Collect$$$$00000000)
    .ARM.Collect$$$$00000001                 0x080000ec   Section        4  entry2.o(.ARM.Collect$$$$00000001)
    .ARM.Collect$$$$00000004                 0x080000f0   Section        4  entry5.o(.ARM.Collect$$$$00000004)
    .ARM.Collect$$$$00000008                 0x080000f4   Section        0  entry7b.o(.ARM.Collect$$$$00000008)
    .ARM.Collect$$$$0000000A                 0x080000f4   Section        0  entry8b.o(.ARM.Collect$$$$0000000A)
    .ARM.Collect$$$$0000000B                 0x080000f4   Section        8  entry9a.o(.ARM.Collect$$$$0000000B)
    .ARM.Collect$$$$0000000D                 0x080000fc   Section        0  entry10a.o(.ARM.Collect$$$$0000000D)
    .ARM.Collect$$$$0000000F                 0x080000fc   Section        0  entry11a.o(.ARM.Collect$$$$0000000F)
    .ARM.Collect$$$$00002712                 0x080000fc   Section        4  entry2.o(.ARM.Collect$$$$00002712)
    __lit__00000000                          0x080000fc   Data           4  entry2.o(.ARM.Collect$$$$00002712)
    .text                                    0x08000100   Section       36  startup_stm32f10x_md.o(.text)
    .text                                    0x08000124   Section        0  memcpya.o(.text)
    .text                                    0x08000148   Section        0  memseta.o(.text)
    .text                                    0x0800016c   Section        0  strcat.o(.text)
    .text                                    0x08000184   Section        0  strstr.o(.text)
    .text                                    0x080001a8   Section        0  strchr.o(.text)
    .text                                    0x080001bc   Section        0  strlen.o(.text)
    .text                                    0x080001ca   Section        0  strncat.o(.text)
    .text                                    0x080001f2   Section        0  strcpy.o(.text)
    .text                                    0x08000204   Section        0  dadd.o(.text)
    .text                                    0x08000352   Section        0  dmul.o(.text)
    .text                                    0x08000436   Section        0  ddiv.o(.text)
    .text                                    0x08000514   Section        0  fflti.o(.text)
    .text                                    0x08000526   Section        0  dfltui.o(.text)
    .text                                    0x08000540   Section        0  dfixi.o(.text)
    .text                                    0x0800057e   Section        0  f2d.o(.text)
    .text                                    0x080005a4   Section        0  d2f.o(.text)
    .text                                    0x080005dc   Section        0  uidiv.o(.text)
    .text                                    0x08000608   Section        0  uldiv.o(.text)
    .text                                    0x0800066a   Section        0  llshl.o(.text)
    .text                                    0x08000688   Section        0  llushr.o(.text)
    .text                                    0x080006a8   Section        0  llsshr.o(.text)
    .text                                    0x080006cc   Section        0  fepilogue.o(.text)
    .text                                    0x080006cc   Section        0  iusefp.o(.text)
    .text                                    0x0800073a   Section        0  depilogue.o(.text)
    .text                                    0x080007f4   Section        0  dfixul.o(.text)
    .text                                    0x08000824   Section       48  cdrcmple.o(.text)
    .text                                    0x08000854   Section       36  init.o(.text)
    i.BusFault_Handler                       0x08000878   Section        0  stm32f10x_it.o(i.BusFault_Handler)
    i.DHT11_Check                            0x0800087c   Section        0  dht11.o(i.DHT11_Check)
    i.DHT11_INMode                           0x080008d8   Section        0  dht11.o(i.DHT11_INMode)
    i.DHT11_Init                             0x08000904   Section        0  dht11.o(i.DHT11_Init)
    i.DHT11_LowLevel_DeInit                  0x08000924   Section        0  dht11.o(i.DHT11_LowLevel_DeInit)
    i.DHT11_OUTMode                          0x08000950   Section        0  dht11.o(i.DHT11_OUTMode)
    i.DHT11_Read_Bit                         0x0800097c   Section        0  dht11.o(i.DHT11_Read_Bit)
    i.DHT11_Read_Byte                        0x080009d8   Section        0  dht11.o(i.DHT11_Read_Byte)
    i.DHT11_Read_Data                        0x080009f8   Section        0  dht11.o(i.DHT11_Read_Data)
    i.DHT11_Rst                              0x08000ac4   Section        0  dht11.o(i.DHT11_Rst)
    i.DS18B20_Check                          0x08000af0   Section        0  ds18b20.o(i.DS18B20_Check)
    i.DS18B20_Get_Temp                       0x08000b4c   Section        0  ds18b20.o(i.DS18B20_Get_Temp)
    i.DS18B20_IO_IN                          0x08000bd8   Section        0  ds18b20.o(i.DS18B20_IO_IN)
    i.DS18B20_IO_OUT                         0x08000bf8   Section        0  ds18b20.o(i.DS18B20_IO_OUT)
    i.DS18B20_Init                           0x08000c1c   Section        0  ds18b20.o(i.DS18B20_Init)
    i.DS18B20_Read_Bit                       0x08000c44   Section        0  ds18b20.o(i.DS18B20_Read_Bit)
    i.DS18B20_Read_Byte                      0x08000c90   Section        0  ds18b20.o(i.DS18B20_Read_Byte)
    i.DS18B20_Rst                            0x08000cb4   Section        0  ds18b20.o(i.DS18B20_Rst)
    i.DS18B20_Start                          0x08000ce4   Section        0  ds18b20.o(i.DS18B20_Start)
    i.DS18B20_Write_Byte                     0x08000cfc   Section        0  ds18b20.o(i.DS18B20_Write_Byte)
    i.DebugMon_Handler                       0x08000d60   Section        0  stm32f10x_it.o(i.DebugMon_Handler)
    i.ESP8266_Clear                          0x08000d64   Section        0  esp8266.o(i.ESP8266_Clear)
    i.ESP8266_GetIPD                         0x08000d80   Section        0  esp8266.o(i.ESP8266_GetIPD)
    i.ESP8266_Init                           0x08000dd0   Section        0  esp8266.o(i.ESP8266_Init)
    i.ESP8266_SendCmd                        0x08000f98   Section        0  esp8266.o(i.ESP8266_SendCmd)
    i.ESP8266_SendData                       0x08000fe8   Section        0  esp8266.o(i.ESP8266_SendData)
    i.ESP8266_WaitRecive                     0x0800102c   Section        0  esp8266.o(i.ESP8266_WaitRecive)
    i.GPIO_Init                              0x08001060   Section        0  stm32f10x_gpio.o(i.GPIO_Init)
    i.GPIO_ReadInputDataBit                  0x08001176   Section        0  stm32f10x_gpio.o(i.GPIO_ReadInputDataBit)
    i.GPIO_ResetBits                         0x08001188   Section        0  stm32f10x_gpio.o(i.GPIO_ResetBits)
    i.GPIO_SetBits                           0x0800118c   Section        0  stm32f10x_gpio.o(i.GPIO_SetBits)
    i.GPIO_WriteBit                          0x08001190   Section        0  stm32f10x_gpio.o(i.GPIO_WriteBit)
    i.HardFault_Handler                      0x0800119a   Section        0  stm32f10x_it.o(i.HardFault_Handler)
    i.Hardware_Init                          0x0800119e   Section        0  main.o(i.Hardware_Init)
    i.KEY_Init                               0x080011d0   Section        0  key.o(i.KEY_Init)
    i.LED_Init                               0x080011f8   Section        0  led.o(i.LED_Init)
    i.MQTT_DeleteBuffer                      0x0800124c   Section        0  mqttkit.o(i.MQTT_DeleteBuffer)
    i.MQTT_DumpLength                        0x08001268   Section        0  mqttkit.o(i.MQTT_DumpLength)
    i.MQTT_NewBuffer                         0x08001296   Section        0  mqttkit.o(i.MQTT_NewBuffer)
    i.MQTT_PacketCmdResp                     0x080012f0   Section        0  mqttkit.o(i.MQTT_PacketCmdResp)
    i.MQTT_PacketConnect                     0x0800137c   Section        0  mqttkit.o(i.MQTT_PacketConnect)
    i.MQTT_PacketPublish                     0x0800161c   Section        0  mqttkit.o(i.MQTT_PacketPublish)
    i.MQTT_PacketSaveData                    0x080017c0   Section        0  mqttkit.o(i.MQTT_PacketSaveData)
    i.MQTT_ReadLength                        0x0800181c   Section        0  mqttkit.o(i.MQTT_ReadLength)
    i.MQTT_UnPacketCmd                       0x08001862   Section        0  mqttkit.o(i.MQTT_UnPacketCmd)
    i.MQTT_UnPacketConnectAck                0x080018ee   Section        0  mqttkit.o(i.MQTT_UnPacketConnectAck)
    i.MQTT_UnPacketPublishAck                0x0800190c   Section        0  mqttkit.o(i.MQTT_UnPacketPublishAck)
    i.MQTT_UnPacketRecv                      0x0800192c   Section        0  mqttkit.o(i.MQTT_UnPacketRecv)
    i.MemManage_Handler                      0x080019a0   Section        0  stm32f10x_it.o(i.MemManage_Handler)
    i.NMI_Handler                            0x080019a4   Section        0  stm32f10x_it.o(i.NMI_Handler)
    i.NVIC_Init                              0x080019a8   Section        0  misc.o(i.NVIC_Init)
    i.NVIC_PriorityGroupConfig               0x08001a18   Section        0  misc.o(i.NVIC_PriorityGroupConfig)
    i.Net_Init                               0x08001a2c   Section        0  main.o(i.Net_Init)
    i.OneNet_DevLink                         0x08001a50   Section        0  onenet.o(i.OneNet_DevLink)
    i.OneNet_FillBuf                         0x08001c64   Section        0  onenet.o(i.OneNet_FillBuf)
    i.OneNet_RevPro                          0x08001d6c   Section        0  onenet.o(i.OneNet_RevPro)
    i.OneNet_SendData                        0x08001ec0   Section        0  onenet.o(i.OneNet_SendData)
    i.PendSV_Handler                         0x08001f58   Section        0  stm32f10x_it.o(i.PendSV_Handler)
    i.RCC_APB1PeriphClockCmd                 0x08001f5c   Section        0  stm32f10x_rcc.o(i.RCC_APB1PeriphClockCmd)
    i.RCC_APB2PeriphClockCmd                 0x08001f7c   Section        0  stm32f10x_rcc.o(i.RCC_APB2PeriphClockCmd)
    i.RCC_GetClocksFreq                      0x08001f9c   Section        0  stm32f10x_rcc.o(i.RCC_GetClocksFreq)
    i.SVC_Handler                            0x08002070   Section        0  stm32f10x_it.o(i.SVC_Handler)
    i.SetSysClock                            0x08002072   Section        0  system_stm32f10x.o(i.SetSysClock)
    SetSysClock                              0x08002073   Thumb Code     8  system_stm32f10x.o(i.SetSysClock)
    i.SetSysClockTo72                        0x0800207c   Section        0  system_stm32f10x.o(i.SetSysClockTo72)
    SetSysClockTo72                          0x0800207d   Thumb Code   214  system_stm32f10x.o(i.SetSysClockTo72)
    i.SysTick_CLKSourceConfig                0x0800215c   Section        0  misc.o(i.SysTick_CLKSourceConfig)
    i.SystemInit                             0x08002184   Section        0  system_stm32f10x.o(i.SystemInit)
    i.USART1_IRQHandler                      0x080021e4   Section        0  usart.o(i.USART1_IRQHandler)
    i.USART2_IRQHandler                      0x0800226c   Section        0  esp8266.o(i.USART2_IRQHandler)
    i.USART_ClearFlag                        0x080022b8   Section        0  stm32f10x_usart.o(i.USART_ClearFlag)
    i.USART_Cmd                              0x080022ca   Section        0  stm32f10x_usart.o(i.USART_Cmd)
    i.USART_GetFlagStatus                    0x080022e2   Section        0  stm32f10x_usart.o(i.USART_GetFlagStatus)
    i.USART_GetITStatus                      0x080022fc   Section        0  stm32f10x_usart.o(i.USART_GetITStatus)
    i.USART_ITConfig                         0x08002350   Section        0  stm32f10x_usart.o(i.USART_ITConfig)
    i.USART_Init                             0x0800239c   Section        0  stm32f10x_usart.o(i.USART_Init)
    i.USART_ReceiveData                      0x08002474   Section        0  stm32f10x_usart.o(i.USART_ReceiveData)
    i.USART_SendData                         0x0800247e   Section        0  stm32f10x_usart.o(i.USART_SendData)
    i.UsageFault_Handler                     0x08002486   Section        0  stm32f10x_it.o(i.UsageFault_Handler)
    i.Usart1_Init                            0x0800248c   Section        0  usart.o(i.Usart1_Init)
    i.Usart2_Init                            0x0800252c   Section        0  esp8266.o(i.Usart2_Init)
    i.Usart2_SendString                      0x080025d8   Section        0  esp8266.o(i.Usart2_SendString)
    i.__0printf                              0x08002608   Section        0  printfa.o(i.__0printf)
    i.__0sprintf                             0x08002628   Section        0  printfa.o(i.__0sprintf)
    i.__scatterload_copy                     0x08002650   Section       14  handlers.o(i.__scatterload_copy)
    i.__scatterload_null                     0x0800265e   Section        2  handlers.o(i.__scatterload_null)
    i.__scatterload_zeroinit                 0x08002660   Section       14  handlers.o(i.__scatterload_zeroinit)
    i._fp_digits                             0x08002670   Section        0  printfa.o(i._fp_digits)
    _fp_digits                               0x08002671   Thumb Code   366  printfa.o(i._fp_digits)
    i._printf_core                           0x080027f4   Section        0  printfa.o(i._printf_core)
    _printf_core                             0x080027f5   Thumb Code  1744  printfa.o(i._printf_core)
    i._printf_post_padding                   0x08002ed0   Section        0  printfa.o(i._printf_post_padding)
    _printf_post_padding                     0x08002ed1   Thumb Code    36  printfa.o(i._printf_post_padding)
    i._printf_pre_padding                    0x08002ef4   Section        0  printfa.o(i._printf_pre_padding)
    _printf_pre_padding                      0x08002ef5   Thumb Code    46  printfa.o(i._printf_pre_padding)
    i._sputc                                 0x08002f22   Section        0  printfa.o(i._sputc)
    _sputc                                   0x08002f23   Thumb Code    10  printfa.o(i._sputc)
    i.deal_key_val                           0x08002f2c   Section        0  key.o(i.deal_key_val)
    i.delay_init                             0x08002fcc   Section        0  delay.o(i.delay_init)
    i.delay_ms                               0x08003010   Section        0  delay.o(i.delay_ms)
    i.delay_us                               0x0800305c   Section        0  delay.o(i.delay_us)
    i.fputc                                  0x080030a8   Section        0  usart.o(i.fputc)
    i.free                                   0x080030c4   Section        0  malloc.o(i.free)
    i.get_jz                                 0x08003114   Section        0  key.o(i.get_jz)
    i.main                                   0x080031bc   Section        0  main.o(i.main)
    i.malloc                                 0x0800325c   Section        0  malloc.o(i.malloc)
    .data                                    0x20000000   Section       12  main.o(.data)
    .data                                    0x2000000c   Section       20  system_stm32f10x.o(.data)
    .data                                    0x20000020   Section        4  delay.o(.data)
    fac_us                                   0x20000020   Data           1  delay.o(.data)
    fac_ms                                   0x20000022   Data           2  delay.o(.data)
    .data                                    0x20000024   Section        6  usart.o(.data)
    .data                                    0x2000002a   Section       20  stm32f10x_rcc.o(.data)
    APBAHBPrescTable                         0x2000002a   Data          16  stm32f10x_rcc.o(.data)
    ADCPrescTable                            0x2000003a   Data           4  stm32f10x_rcc.o(.data)
    .data                                    0x2000003e   Section        4  esp8266.o(.data)
    .data                                    0x20000044   Section       20  key.o(.data)
    key_val_temp                             0x20000050   Data           4  key.o(.data)
    i                                        0x20000054   Data           4  key.o(.data)
    .data                                    0x20000058   Section        4  mvars.o(.data)
    .data                                    0x2000005c   Section        4  mvars.o(.data)
    .bss                                     0x20000060   Section      200  usart.o(.bss)
    .bss                                     0x20000128   Section      128  esp8266.o(.bss)
    HEAP                                     0x200001a8   Section      512  startup_stm32f10x_md.o(HEAP)
    STACK                                    0x200003a8   Section     1024  startup_stm32f10x_md.o(STACK)

    Global Symbols

    Symbol Name                              Value     Ov Type        Size  Object(Section)

    BuildAttributes$$THM_ISAv4$P$D$K$B$S$PE$A:L22UL41UL21$X:L11$S22US41US21$IEEE1$IW$USESV6$~STKCKD$USESV7$~SHL$OTIME$ROPI$EBA8$MICROLIB$REQ8$PRES8$EABIv2 0x00000000   Number         0  anon$$obj.o ABSOLUTE
    __ARM_use_no_argv                        0x00000000   Number         0  main.o ABSOLUTE
    __use_no_errno                           0x00000000   Number         0  useno.o ABSOLUTE
    __use_no_exception_handling              0x00000000   Number         0  useno.o ABSOLUTE
    __use_no_fp                              0x00000000   Number         0  useno.o ABSOLUTE
    __use_no_heap                            0x00000000   Number         0  useno.o ABSOLUTE
    __use_no_heap_region                     0x00000000   Number         0  useno.o ABSOLUTE
    __use_no_semihosting                     0x00000000   Number         0  useno.o ABSOLUTE
    __use_no_semihosting_swi                 0x00000000   Number         0  useno.o ABSOLUTE
    __use_no_signal_handling                 0x00000000   Number         0  useno.o ABSOLUTE
    _printf_a                                0x00000000   Number         0  stubs.o ABSOLUTE
    _printf_c                                0x00000000   Number         0  stubs.o ABSOLUTE
    _printf_charcount                        0x00000000   Number         0  stubs.o ABSOLUTE
    _printf_d                                0x00000000   Number         0  stubs.o ABSOLUTE
    _printf_e                                0x00000000   Number         0  stubs.o ABSOLUTE
    _printf_f                                0x00000000   Number         0  stubs.o ABSOLUTE
    _printf_flags                            0x00000000   Number         0  stubs.o ABSOLUTE
    _printf_fp_dec                           0x00000000   Number         0  stubs.o ABSOLUTE
    _printf_fp_hex                           0x00000000   Number         0  stubs.o ABSOLUTE
    _printf_g                                0x00000000   Number         0  stubs.o ABSOLUTE
    _printf_i                                0x00000000   Number         0  stubs.o ABSOLUTE
    _printf_int_dec                          0x00000000   Number         0  stubs.o ABSOLUTE
    _printf_l                                0x00000000   Number         0  stubs.o ABSOLUTE
    _printf_lc                               0x00000000   Number         0  stubs.o ABSOLUTE
    _printf_ll                               0x00000000   Number         0  stubs.o ABSOLUTE
    _printf_lld                              0x00000000   Number         0  stubs.o ABSOLUTE
    _printf_lli                              0x00000000   Number         0  stubs.o ABSOLUTE
    _printf_llo                              0x00000000   Number         0  stubs.o ABSOLUTE
    _printf_llu                              0x00000000   Number         0  stubs.o ABSOLUTE
    _printf_llx                              0x00000000   Number         0  stubs.o ABSOLUTE
    _printf_longlong_dec                     0x00000000   Number         0  stubs.o ABSOLUTE
    _printf_longlong_hex                     0x00000000   Number         0  stubs.o ABSOLUTE
    _printf_longlong_oct                     0x00000000   Number         0  stubs.o ABSOLUTE
    _printf_ls                               0x00000000   Number         0  stubs.o ABSOLUTE
    _printf_mbtowc                           0x00000000   Number         0  stubs.o ABSOLUTE
    _printf_n                                0x00000000   Number         0  stubs.o ABSOLUTE
    _printf_o                                0x00000000   Number         0  stubs.o ABSOLUTE
    _printf_p                                0x00000000   Number         0  stubs.o ABSOLUTE
    _printf_percent                          0x00000000   Number         0  stubs.o ABSOLUTE
    _printf_pre_padding                      0x00000000   Number         0  stubs.o ABSOLUTE
    _printf_return_value                     0x00000000   Number         0  stubs.o ABSOLUTE
    _printf_s                                0x00000000   Number         0  stubs.o ABSOLUTE
    _printf_sizespec                         0x00000000   Number         0  stubs.o ABSOLUTE
    _printf_str                              0x00000000   Number         0  stubs.o ABSOLUTE
    _printf_truncate_signed                  0x00000000   Number         0  stubs.o ABSOLUTE
    _printf_truncate_unsigned                0x00000000   Number         0  stubs.o ABSOLUTE
    _printf_u                                0x00000000   Number         0  stubs.o ABSOLUTE
    _printf_wc                               0x00000000   Number         0  stubs.o ABSOLUTE
    _printf_wctomb                           0x00000000   Number         0  stubs.o ABSOLUTE
    _printf_widthprec                        0x00000000   Number         0  stubs.o ABSOLUTE
    _printf_x                                0x00000000   Number         0  stubs.o ABSOLUTE
    __cpp_initialize__aeabi_                  - Undefined Weak Reference
    __cxa_finalize                            - Undefined Weak Reference
    __decompress                              - Undefined Weak Reference
    _clock_init                               - Undefined Weak Reference
    _microlib_exit                            - Undefined Weak Reference
    __Vectors_Size                           0x000000ec   Number         0  startup_stm32f10x_md.o ABSOLUTE
    __Vectors                                0x08000000   Data           4  startup_stm32f10x_md.o(RESET)
    __Vectors_End                            0x080000ec   Data           0  startup_stm32f10x_md.o(RESET)
    __main                                   0x080000ed   Thumb Code     0  entry.o(.ARM.Collect$$$$00000000)
    _main_stk                                0x080000ed   Thumb Code     0  entry2.o(.ARM.Collect$$$$00000001)
    _main_scatterload                        0x080000f1   Thumb Code     0  entry5.o(.ARM.Collect$$$$00000004)
    __main_after_scatterload                 0x080000f5   Thumb Code     0  entry5.o(.ARM.Collect$$$$00000004)
    _main_clock                              0x080000f5   Thumb Code     0  entry7b.o(.ARM.Collect$$$$00000008)
    _main_cpp_init                           0x080000f5   Thumb Code     0  entry8b.o(.ARM.Collect$$$$0000000A)
    _main_init                               0x080000f5   Thumb Code     0  entry9a.o(.ARM.Collect$$$$0000000B)
    __rt_final_cpp                           0x080000fd   Thumb Code     0  entry10a.o(.ARM.Collect$$$$0000000D)
    __rt_final_exit                          0x080000fd   Thumb Code     0  entry11a.o(.ARM.Collect$$$$0000000F)
    Reset_Handler                            0x08000101   Thumb Code     8  startup_stm32f10x_md.o(.text)
    delay_Handler                            0x08000119   Thumb Code     2  startup_stm32f10x_md.o(.text)
    ADC1_2_IRQHandler                        0x0800011b   Thumb Code     0  startup_stm32f10x_md.o(.text)
    CAN1_RX1_IRQHandler                      0x0800011b   Thumb Code     0  startup_stm32f10x_md.o(.text)
    CAN1_SCE_IRQHandler                      0x0800011b   Thumb Code     0  startup_stm32f10x_md.o(.text)
    DMA1_Channel1_IRQHandler                 0x0800011b   Thumb Code     0  startup_stm32f10x_md.o(.text)
    DMA1_Channel2_IRQHandler                 0x0800011b   Thumb Code     0  startup_stm32f10x_md.o(.text)
    DMA1_Channel3_IRQHandler                 0x0800011b   Thumb Code     0  startup_stm32f10x_md.o(.text)
    DMA1_Channel4_IRQHandler                 0x0800011b   Thumb Code     0  startup_stm32f10x_md.o(.text)
    DMA1_Channel5_IRQHandler                 0x0800011b   Thumb Code     0  startup_stm32f10x_md.o(.text)
    DMA1_Channel6_IRQHandler                 0x0800011b   Thumb Code     0  startup_stm32f10x_md.o(.text)
    DMA1_Channel7_IRQHandler                 0x0800011b   Thumb Code     0  startup_stm32f10x_md.o(.text)
    EXTI0_IRQHandler                         0x0800011b   Thumb Code     0  startup_stm32f10x_md.o(.text)
    EXTI15_10_IRQHandler                     0x0800011b   Thumb Code     0  startup_stm32f10x_md.o(.text)
    EXTI1_IRQHandler                         0x0800011b   Thumb Code     0  startup_stm32f10x_md.o(.text)
    EXTI2_IRQHandler                         0x0800011b   Thumb Code     0  startup_stm32f10x_md.o(.text)
    EXTI3_IRQHandler                         0x0800011b   Thumb Code     0  startup_stm32f10x_md.o(.text)
    EXTI4_IRQHandler                         0x0800011b   Thumb Code     0  startup_stm32f10x_md.o(.text)
    EXTI9_5_IRQHandler                       0x0800011b   Thumb Code     0  startup_stm32f10x_md.o(.text)
    FLASH_IRQHandler                         0x0800011b   Thumb Code     0  startup_stm32f10x_md.o(.text)
    I2C1_ER_IRQHandler                       0x0800011b   Thumb Code     0  startup_stm32f10x_md.o(.text)
    I2C1_EV_IRQHandler                       0x0800011b   Thumb Code     0  startup_stm32f10x_md.o(.text)
    I2C2_ER_IRQHandler                       0x0800011b   Thumb Code     0  startup_stm32f10x_md.o(.text)
    I2C2_EV_IRQHandler                       0x0800011b   Thumb Code     0  startup_stm32f10x_md.o(.text)
    PVD_IRQHandler                           0x0800011b   Thumb Code     0  startup_stm32f10x_md.o(.text)
    RCC_IRQHandler                           0x0800011b   Thumb Code     0  startup_stm32f10x_md.o(.text)
    RTCAlarm_IRQHandler                      0x0800011b   Thumb Code     0  startup_stm32f10x_md.o(.text)
    RTC_IRQHandler                           0x0800011b   Thumb Code     0  startup_stm32f10x_md.o(.text)
    SPI1_IRQHandler                          0x0800011b   Thumb Code     0  startup_stm32f10x_md.o(.text)
    SPI2_IRQHandler                          0x0800011b   Thumb Code     0  startup_stm32f10x_md.o(.text)
    TAMPER_IRQHandler                        0x0800011b   Thumb Code     0  startup_stm32f10x_md.o(.text)
    TIM1_BRK_IRQHandler                      0x0800011b   Thumb Code     0  startup_stm32f10x_md.o(.text)
    TIM1_CC_IRQHandler                       0x0800011b   Thumb Code     0  startup_stm32f10x_md.o(.text)
    TIM1_TRG_COM_IRQHandler                  0x0800011b   Thumb Code     0  startup_stm32f10x_md.o(.text)
    TIM1_UP_IRQHandler                       0x0800011b   Thumb Code     0  startup_stm32f10x_md.o(.text)
    TIM2_IRQHandler                          0x0800011b   Thumb Code     0  startup_stm32f10x_md.o(.text)
    TIM3_IRQHandler                          0x0800011b   Thumb Code     0  startup_stm32f10x_md.o(.text)
    TIM4_IRQHandler                          0x0800011b   Thumb Code     0  startup_stm32f10x_md.o(.text)
    USART3_IRQHandler                        0x0800011b   Thumb Code     0  startup_stm32f10x_md.o(.text)
    USBWakeUp_IRQHandler                     0x0800011b   Thumb Code     0  startup_stm32f10x_md.o(.text)
    USB_HP_CAN1_TX_IRQHandler                0x0800011b   Thumb Code     0  startup_stm32f10x_md.o(.text)
    USB_LP_CAN1_RX0_IRQHandler               0x0800011b   Thumb Code     0  startup_stm32f10x_md.o(.text)
    WWDG_IRQHandler                          0x0800011b   Thumb Code     0  startup_stm32f10x_md.o(.text)
    __aeabi_memcpy                           0x08000125   Thumb Code    36  memcpya.o(.text)
    __aeabi_memcpy4                          0x08000125   Thumb Code     0  memcpya.o(.text)
    __aeabi_memcpy8                          0x08000125   Thumb Code     0  memcpya.o(.text)
    __aeabi_memset                           0x08000149   Thumb Code    14  memseta.o(.text)
    __aeabi_memset4                          0x08000149   Thumb Code     0  memseta.o(.text)
    __aeabi_memset8                          0x08000149   Thumb Code     0  memseta.o(.text)
    __aeabi_memclr                           0x08000157   Thumb Code     4  memseta.o(.text)
    __aeabi_memclr4                          0x08000157   Thumb Code     0  memseta.o(.text)
    __aeabi_memclr8                          0x08000157   Thumb Code     0  memseta.o(.text)
    _memset$wrapper                          0x0800015b   Thumb Code    18  memseta.o(.text)
    strcat                                   0x0800016d   Thumb Code    24  strcat.o(.text)
    strstr                                   0x08000185   Thumb Code    36  strstr.o(.text)
    strchr                                   0x080001a9   Thumb Code    20  strchr.o(.text)
    strlen                                   0x080001bd   Thumb Code    14  strlen.o(.text)
    strncat                                  0x080001cb   Thumb Code    40  strncat.o(.text)
    strcpy                                   0x080001f3   Thumb Code    18  strcpy.o(.text)
    __aeabi_dadd                             0x08000205   Thumb Code   322  dadd.o(.text)
    __aeabi_dsub                             0x08000347   Thumb Code     6  dadd.o(.text)
    __aeabi_drsub                            0x0800034d   Thumb Code     6  dadd.o(.text)
    __aeabi_dmul                             0x08000353   Thumb Code   228  dmul.o(.text)
    __aeabi_ddiv                             0x08000437   Thumb Code   222  ddiv.o(.text)
    __aeabi_i2f                              0x08000515   Thumb Code    18  fflti.o(.text)
    __aeabi_ui2d                             0x08000527   Thumb Code    26  dfltui.o(.text)
    __aeabi_d2iz                             0x08000541   Thumb Code    62  dfixi.o(.text)
    __aeabi_f2d                              0x0800057f   Thumb Code    38  f2d.o(.text)
    __aeabi_d2f                              0x080005a5   Thumb Code    56  d2f.o(.text)
    __aeabi_uidiv                            0x080005dd   Thumb Code     0  uidiv.o(.text)
    __aeabi_uidivmod                         0x080005dd   Thumb Code    44  uidiv.o(.text)
    __aeabi_uldivmod                         0x08000609   Thumb Code    98  uldiv.o(.text)
    __aeabi_llsl                             0x0800066b   Thumb Code    30  llshl.o(.text)
    _ll_shift_l                              0x0800066b   Thumb Code     0  llshl.o(.text)
    __aeabi_llsr                             0x08000689   Thumb Code    32  llushr.o(.text)
    _ll_ushift_r                             0x08000689   Thumb Code     0  llushr.o(.text)
    __aeabi_lasr                             0x080006a9   Thumb Code    36  llsshr.o(.text)
    _ll_sshift_r                             0x080006a9   Thumb Code     0  llsshr.o(.text)
    __I$use$fp                               0x080006cd   Thumb Code     0  iusefp.o(.text)
    _float_round                             0x080006cd   Thumb Code    18  fepilogue.o(.text)
    _float_epilogue                          0x080006df   Thumb Code    92  fepilogue.o(.text)
    _double_round                            0x0800073b   Thumb Code    30  depilogue.o(.text)
    _double_epilogue                         0x08000759   Thumb Code   156  depilogue.o(.text)
    __aeabi_d2ulz                            0x080007f5   Thumb Code    48  dfixul.o(.text)
    __aeabi_cdrcmple                         0x08000825   Thumb Code    48  cdrcmple.o(.text)
    __scatterload                            0x08000855   Thumb Code    28  init.o(.text)
    __scatterload_rt2                        0x08000855   Thumb Code     0  init.o(.text)
    BusFault_Handler                         0x08000879   Thumb Code     4  stm32f10x_it.o(i.BusFault_Handler)
    DHT11_Check                              0x0800087d   Thumb Code    86  dht11.o(i.DHT11_Check)
    DHT11_INMode                             0x080008d9   Thumb Code    40  dht11.o(i.DHT11_INMode)
    DHT11_Init                               0x08000905   Thumb Code    26  dht11.o(i.DHT11_Init)
    DHT11_LowLevel_DeInit                    0x08000925   Thumb Code    40  dht11.o(i.DHT11_LowLevel_DeInit)
    DHT11_OUTMode                            0x08000951   Thumb Code    40  dht11.o(i.DHT11_OUTMode)
    DHT11_Read_Bit                           0x0800097d   Thumb Code    88  dht11.o(i.DHT11_Read_Bit)
    DHT11_Read_Byte                          0x080009d9   Thumb Code    30  dht11.o(i.DHT11_Read_Byte)
    DHT11_Read_Data                          0x080009f9   Thumb Code   194  dht11.o(i.DHT11_Read_Data)
    DHT11_Rst                                0x08000ac5   Thumb Code    40  dht11.o(i.DHT11_Rst)
    DS18B20_Check                            0x08000af1   Thumb Code    86  ds18b20.o(i.DS18B20_Check)
    DS18B20_Get_Temp                         0x08000b4d   Thumb Code   136  ds18b20.o(i.DS18B20_Get_Temp)
    DS18B20_IO_IN                            0x08000bd9   Thumb Code    26  ds18b20.o(i.DS18B20_IO_IN)
    DS18B20_IO_OUT                           0x08000bf9   Thumb Code    32  ds18b20.o(i.DS18B20_IO_OUT)
    DS18B20_Init                             0x08000c1d   Thumb Code    34  ds18b20.o(i.DS18B20_Init)
    DS18B20_Read_Bit                         0x08000c45   Thumb Code    70  ds18b20.o(i.DS18B20_Read_Bit)
    DS18B20_Read_Byte                        0x08000c91   Thumb Code    34  ds18b20.o(i.DS18B20_Read_Byte)
    DS18B20_Rst                              0x08000cb5   Thumb Code    42  ds18b20.o(i.DS18B20_Rst)
    DS18B20_Start                            0x08000ce5   Thumb Code    24  ds18b20.o(i.DS18B20_Start)
    DS18B20_Write_Byte                       0x08000cfd   Thumb Code    96  ds18b20.o(i.DS18B20_Write_Byte)
    DebugMon_Handler                         0x08000d61   Thumb Code     2  stm32f10x_it.o(i.DebugMon_Handler)
    ESP8266_Clear                            0x08000d65   Thumb Code    18  esp8266.o(i.ESP8266_Clear)
    ESP8266_GetIPD                           0x08000d81   Thumb Code    68  esp8266.o(i.ESP8266_GetIPD)
    ESP8266_Init                             0x08000dd1   Thumb Code   234  esp8266.o(i.ESP8266_Init)
    ESP8266_SendCmd                          0x08000f99   Thumb Code    74  esp8266.o(i.ESP8266_SendCmd)
    ESP8266_SendData                         0x08000fe9   Thumb Code    46  esp8266.o(i.ESP8266_SendData)
    ESP8266_WaitRecive                       0x0800102d   Thumb Code    42  esp8266.o(i.ESP8266_WaitRecive)
    GPIO_Init                                0x08001061   Thumb Code   278  stm32f10x_gpio.o(i.GPIO_Init)
    GPIO_ReadInputDataBit                    0x08001177   Thumb Code    18  stm32f10x_gpio.o(i.GPIO_ReadInputDataBit)
    GPIO_ResetBits                           0x08001189   Thumb Code     4  stm32f10x_gpio.o(i.GPIO_ResetBits)
    GPIO_SetBits                             0x0800118d   Thumb Code     4  stm32f10x_gpio.o(i.GPIO_SetBits)
    GPIO_WriteBit                            0x08001191   Thumb Code    10  stm32f10x_gpio.o(i.GPIO_WriteBit)
    HardFault_Handler                        0x0800119b   Thumb Code     4  stm32f10x_it.o(i.HardFault_Handler)
    Hardware_Init                            0x0800119f   Thumb Code    48  main.o(i.Hardware_Init)
    KEY_Init                                 0x080011d1   Thumb Code    34  key.o(i.KEY_Init)
    LED_Init                                 0x080011f9   Thumb Code    72  led.o(i.LED_Init)
    MQTT_DeleteBuffer                        0x0800124d   Thumb Code    28  mqttkit.o(i.MQTT_DeleteBuffer)
    MQTT_DumpLength                          0x08001269   Thumb Code    46  mqttkit.o(i.MQTT_DumpLength)
    MQTT_NewBuffer                           0x08001297   Thumb Code    88  mqttkit.o(i.MQTT_NewBuffer)
    MQTT_PacketCmdResp                       0x080012f1   Thumb Code   132  mqttkit.o(i.MQTT_PacketCmdResp)
    MQTT_PacketConnect                       0x0800137d   Thumb Code   666  mqttkit.o(i.MQTT_PacketConnect)
    MQTT_PacketPublish                       0x0800161d   Thumb Code   418  mqttkit.o(i.MQTT_PacketPublish)
    MQTT_PacketSaveData                      0x080017c1   Thumb Code    88  mqttkit.o(i.MQTT_PacketSaveData)
    MQTT_ReadLength                          0x0800181d   Thumb Code    70  mqttkit.o(i.MQTT_ReadLength)
    MQTT_UnPacketCmd                         0x08001863   Thumb Code   140  mqttkit.o(i.MQTT_UnPacketCmd)
    MQTT_UnPacketConnectAck                  0x080018ef   Thumb Code    30  mqttkit.o(i.MQTT_UnPacketConnectAck)
    MQTT_UnPacketPublishAck                  0x0800190d   Thumb Code    30  mqttkit.o(i.MQTT_UnPacketPublishAck)
    MQTT_UnPacketRecv                        0x0800192d   Thumb Code   106  mqttkit.o(i.MQTT_UnPacketRecv)
    MemManage_Handler                        0x080019a1   Thumb Code     4  stm32f10x_it.o(i.MemManage_Handler)
    NMI_Handler                              0x080019a5   Thumb Code     2  stm32f10x_it.o(i.NMI_Handler)
    NVIC_Init                                0x080019a9   Thumb Code   100  misc.o(i.NVIC_Init)
    NVIC_PriorityGroupConfig                 0x08001a19   Thumb Code    10  misc.o(i.NVIC_PriorityGroupConfig)
    Net_Init                                 0x08001a2d   Thumb Code    30  main.o(i.Net_Init)
    OneNet_DevLink                           0x08001a51   Thumb Code   192  onenet.o(i.OneNet_DevLink)
    OneNet_FillBuf                           0x08001c65   Thumb Code   180  onenet.o(i.OneNet_FillBuf)
    OneNet_RevPro                            0x08001d6d   Thumb Code   240  onenet.o(i.OneNet_RevPro)
    OneNet_SendData                          0x08001ec1   Thumb Code   108  onenet.o(i.OneNet_SendData)
    PendSV_Handler                           0x08001f59   Thumb Code     2  stm32f10x_it.o(i.PendSV_Handler)
    RCC_APB1PeriphClockCmd                   0x08001f5d   Thumb Code    26  stm32f10x_rcc.o(i.RCC_APB1PeriphClockCmd)
    RCC_APB2PeriphClockCmd                   0x08001f7d   Thumb Code    26  stm32f10x_rcc.o(i.RCC_APB2PeriphClockCmd)
    RCC_GetClocksFreq                        0x08001f9d   Thumb Code   192  stm32f10x_rcc.o(i.RCC_GetClocksFreq)
    SVC_Handler                              0x08002071   Thumb Code     2  stm32f10x_it.o(i.SVC_Handler)
    SysTick_CLKSourceConfig                  0x0800215d   Thumb Code    40  misc.o(i.SysTick_CLKSourceConfig)
    SystemInit                               0x08002185   Thumb Code    78  system_stm32f10x.o(i.SystemInit)
    USART1_IRQHandler                        0x080021e5   Thumb Code   122  usart.o(i.USART1_IRQHandler)
    USART2_IRQHandler                        0x0800226d   Thumb Code    62  esp8266.o(i.USART2_IRQHandler)
    USART_ClearFlag                          0x080022b9   Thumb Code    18  stm32f10x_usart.o(i.USART_ClearFlag)
    USART_Cmd                                0x080022cb   Thumb Code    24  stm32f10x_usart.o(i.USART_Cmd)
    USART_GetFlagStatus                      0x080022e3   Thumb Code    26  stm32f10x_usart.o(i.USART_GetFlagStatus)
    USART_GetITStatus                        0x080022fd   Thumb Code    84  stm32f10x_usart.o(i.USART_GetITStatus)
    USART_ITConfig                           0x08002351   Thumb Code    74  stm32f10x_usart.o(i.USART_ITConfig)
    USART_Init                               0x0800239d   Thumb Code   210  stm32f10x_usart.o(i.USART_Init)
    USART_ReceiveData                        0x08002475   Thumb Code    10  stm32f10x_usart.o(i.USART_ReceiveData)
    USART_SendData                           0x0800247f   Thumb Code     8  stm32f10x_usart.o(i.USART_SendData)
    UsageFault_Handler                       0x08002487   Thumb Code     4  stm32f10x_it.o(i.UsageFault_Handler)
    Usart1_Init                              0x0800248d   Thumb Code   152  usart.o(i.Usart1_Init)
    Usart2_Init                              0x0800252d   Thumb Code   162  esp8266.o(i.Usart2_Init)
    Usart2_SendString                        0x080025d9   Thumb Code    44  esp8266.o(i.Usart2_SendString)
    __0printf                                0x08002609   Thumb Code    22  printfa.o(i.__0printf)
    __1printf                                0x08002609   Thumb Code     0  printfa.o(i.__0printf)
    __2printf                                0x08002609   Thumb Code     0  printfa.o(i.__0printf)
    __c89printf                              0x08002609   Thumb Code     0  printfa.o(i.__0printf)
    printf                                   0x08002609   Thumb Code     0  printfa.o(i.__0printf)
    __0sprintf                               0x08002629   Thumb Code    34  printfa.o(i.__0sprintf)
    __1sprintf                               0x08002629   Thumb Code     0  printfa.o(i.__0sprintf)
    __2sprintf                               0x08002629   Thumb Code     0  printfa.o(i.__0sprintf)
    __c89sprintf                             0x08002629   Thumb Code     0  printfa.o(i.__0sprintf)
    sprintf                                  0x08002629   Thumb Code     0  printfa.o(i.__0sprintf)
    __scatterload_copy                       0x08002651   Thumb Code    14  handlers.o(i.__scatterload_copy)
    __scatterload_null                       0x0800265f   Thumb Code     2  handlers.o(i.__scatterload_null)
    __scatterload_zeroinit                   0x08002661   Thumb Code    14  handlers.o(i.__scatterload_zeroinit)
    deal_key_val                             0x08002f2d   Thumb Code   142  key.o(i.deal_key_val)
    delay_init                               0x08002fcd   Thumb Code    50  delay.o(i.delay_init)
    delay_ms                                 0x08003011   Thumb Code    72  delay.o(i.delay_ms)
    delay_us                                 0x0800305d   Thumb Code    72  delay.o(i.delay_us)
    fputc                                    0x080030a9   Thumb Code    24  usart.o(i.fputc)
    free                                     0x080030c5   Thumb Code    76  malloc.o(i.free)
    get_jz                                   0x08003115   Thumb Code   150  key.o(i.get_jz)
    main                                     0x080031bd   Thumb Code   144  main.o(i.main)
    malloc                                   0x0800325d   Thumb Code    92  malloc.o(i.malloc)
    Region$$Table$$Base                      0x080032c8   Number         0  anon$$obj.o(Region$$Table)
    Region$$Table$$Limit                     0x080032e8   Number         0  anon$$obj.o(Region$$Table)
    temperature                              0x20000000   Data           4  main.o(.data)
    temperature_18B20                        0x20000004   Data           4  main.o(.data)
    humidity                                 0x20000008   Data           4  main.o(.data)
    SystemCoreClock                          0x2000000c   Data           4  system_stm32f10x.o(.data)
    AHBPrescTable                            0x20000010   Data          16  system_stm32f10x.o(.data)
    __stdout                                 0x20000024   Data           4  usart.o(.data)
    USART_RX_STA                             0x20000028   Data           2  usart.o(.data)
    esp8266_cnt                              0x2000003e   Data           2  esp8266.o(.data)
    esp8266_cntPre                           0x20000040   Data           2  esp8266.o(.data)
    key_val                                  0x20000044   Data           4  key.o(.data)
    key_val_1                                0x20000048   Data           4  key.o(.data)
    key_val_2                                0x2000004c   Data           4  key.o(.data)
    __microlib_freelist                      0x20000058   Data           4  mvars.o(.data)
    __microlib_freelist_initialised          0x2000005c   Data           4  mvars.o(.data)
    USART_RX_BUF                             0x20000060   Data         200  usart.o(.bss)
    esp8266_buf                              0x20000128   Data         128  esp8266.o(.bss)
    __heap_base                              0x200001a8   Data           0  startup_stm32f10x_md.o(HEAP)
    __heap_limit                             0x200003a8   Data           0  startup_stm32f10x_md.o(HEAP)
    __initial_sp                             0x200007a8   Data           0  startup_stm32f10x_md.o(STACK)



==============================================================================

Memory Map of the image

  Image Entry point : 0x08000101

  Load Region LR_1 (Base: 0x08000000, Size: 0x00003348, Max: 0xffffffff, ABSOLUTE)

    Execution Region ER_RO (Exec base: 0x08000000, Load base: 0x08000000, Size: 0x000032e8, Max: 0xffffffff, ABSOLUTE)

    Exec Addr    Load Addr    Size         Type   Attr      Idx    E Section Name        Object

    0x08000000   0x08000000   0x000000ec   Data   RO          386    RESET               startup_stm32f10x_md.o
    0x080000ec   0x080000ec   0x00000000   Code   RO         1643  * .ARM.Collect$$$$00000000  mc_w.l(entry.o)
    0x080000ec   0x080000ec   0x00000004   Code   RO         1969    .ARM.Collect$$$$00000001  mc_w.l(entry2.o)
    0x080000f0   0x080000f0   0x00000004   Code   RO         1972    .ARM.Collect$$$$00000004  mc_w.l(entry5.o)
    0x080000f4   0x080000f4   0x00000000   Code   RO         1974    .ARM.Collect$$$$00000008  mc_w.l(entry7b.o)
    0x080000f4   0x080000f4   0x00000000   Code   RO         1976    .ARM.Collect$$$$0000000A  mc_w.l(entry8b.o)
    0x080000f4   0x080000f4   0x00000008   Code   RO         1977    .ARM.Collect$$$$0000000B  mc_w.l(entry9a.o)
    0x080000fc   0x080000fc   0x00000000   Code   RO         1979    .ARM.Collect$$$$0000000D  mc_w.l(entry10a.o)
    0x080000fc   0x080000fc   0x00000000   Code   RO         1981    .ARM.Collect$$$$0000000F  mc_w.l(entry11a.o)
    0x080000fc   0x080000fc   0x00000004   Code   RO         1970    .ARM.Collect$$$$00002712  mc_w.l(entry2.o)
    0x08000100   0x08000100   0x00000024   Code   RO          387  * .text               startup_stm32f10x_md.o
    0x08000124   0x08000124   0x00000024   Code   RO         1646    .text               mc_w.l(memcpya.o)
    0x08000148   0x08000148   0x00000024   Code   RO         1648    .text               mc_w.l(memseta.o)
    0x0800016c   0x0800016c   0x00000018   Code   RO         1650    .text               mc_w.l(strcat.o)
    0x08000184   0x08000184   0x00000024   Code   RO         1652    .text               mc_w.l(strstr.o)
    0x080001a8   0x080001a8   0x00000014   Code   RO         1654    .text               mc_w.l(strchr.o)
    0x080001bc   0x080001bc   0x0000000e   Code   RO         1656    .text               mc_w.l(strlen.o)
    0x080001ca   0x080001ca   0x00000028   Code   RO         1658    .text               mc_w.l(strncat.o)
    0x080001f2   0x080001f2   0x00000012   Code   RO         1660    .text               mc_w.l(strcpy.o)
    0x08000204   0x08000204   0x0000014e   Code   RO         1953    .text               mf_w.l(dadd.o)
    0x08000352   0x08000352   0x000000e4   Code   RO         1955    .text               mf_w.l(dmul.o)
    0x08000436   0x08000436   0x000000de   Code   RO         1957    .text               mf_w.l(ddiv.o)
    0x08000514   0x08000514   0x00000012   Code   RO         1959    .text               mf_w.l(fflti.o)
    0x08000526   0x08000526   0x0000001a   Code   RO         1961    .text               mf_w.l(dfltui.o)
    0x08000540   0x08000540   0x0000003e   Code   RO         1963    .text               mf_w.l(dfixi.o)
    0x0800057e   0x0800057e   0x00000026   Code   RO         1965    .text               mf_w.l(f2d.o)
    0x080005a4   0x080005a4   0x00000038   Code   RO         1967    .text               mf_w.l(d2f.o)
    0x080005dc   0x080005dc   0x0000002c   Code   RO         1983    .text               mc_w.l(uidiv.o)
    0x08000608   0x08000608   0x00000062   Code   RO         1985    .text               mc_w.l(uldiv.o)
    0x0800066a   0x0800066a   0x0000001e   Code   RO         1987    .text               mc_w.l(llshl.o)
    0x08000688   0x08000688   0x00000020   Code   RO         1989    .text               mc_w.l(llushr.o)
    0x080006a8   0x080006a8   0x00000024   Code   RO         1991    .text               mc_w.l(llsshr.o)
    0x080006cc   0x080006cc   0x00000000   Code   RO         1995    .text               mc_w.l(iusefp.o)
    0x080006cc   0x080006cc   0x0000006e   Code   RO         1996    .text               mf_w.l(fepilogue.o)
    0x0800073a   0x0800073a   0x000000ba   Code   RO         1998    .text               mf_w.l(depilogue.o)
    0x080007f4   0x080007f4   0x00000030   Code   RO         2000    .text               mf_w.l(dfixul.o)
    0x08000824   0x08000824   0x00000030   Code   RO         2002    .text               mf_w.l(cdrcmple.o)
    0x08000854   0x08000854   0x00000024   Code   RO         2004    .text               mc_w.l(init.o)
    0x08000878   0x08000878   0x00000004   Code   RO          155    i.BusFault_Handler  stm32f10x_it.o
    0x0800087c   0x0800087c   0x0000005c   Code   RO         1462    i.DHT11_Check       dht11.o
    0x080008d8   0x080008d8   0x0000002c   Code   RO         1463    i.DHT11_INMode      dht11.o
    0x08000904   0x08000904   0x00000020   Code   RO         1464    i.DHT11_Init        dht11.o
    0x08000924   0x08000924   0x0000002c   Code   RO         1465    i.DHT11_LowLevel_DeInit  dht11.o
    0x08000950   0x08000950   0x0000002c   Code   RO         1466    i.DHT11_OUTMode     dht11.o
    0x0800097c   0x0800097c   0x0000005c   Code   RO         1467    i.DHT11_Read_Bit    dht11.o
    0x080009d8   0x080009d8   0x0000001e   Code   RO         1468    i.DHT11_Read_Byte   dht11.o
    0x080009f6   0x080009f6   0x00000002   PAD
    0x080009f8   0x080009f8   0x000000cc   Code   RO         1469    i.DHT11_Read_Data   dht11.o
    0x08000ac4   0x08000ac4   0x0000002c   Code   RO         1470    i.DHT11_Rst         dht11.o
    0x08000af0   0x08000af0   0x0000005c   Code   RO         1546    i.DS18B20_Check     ds18b20.o
    0x08000b4c   0x08000b4c   0x0000008c   Code   RO         1547    i.DS18B20_Get_Temp  ds18b20.o
    0x08000bd8   0x08000bd8   0x00000020   Code   RO         1548    i.DS18B20_IO_IN     ds18b20.o
    0x08000bf8   0x08000bf8   0x00000024   Code   RO         1549    i.DS18B20_IO_OUT    ds18b20.o
    0x08000c1c   0x08000c1c   0x00000028   Code   RO         1550    i.DS18B20_Init      ds18b20.o
    0x08000c44   0x08000c44   0x0000004c   Code   RO         1551    i.DS18B20_Read_Bit  ds18b20.o
    0x08000c90   0x08000c90   0x00000022   Code   RO         1552    i.DS18B20_Read_Byte  ds18b20.o
    0x08000cb2   0x08000cb2   0x00000002   PAD
    0x08000cb4   0x08000cb4   0x00000030   Code   RO         1553    i.DS18B20_Rst       ds18b20.o
    0x08000ce4   0x08000ce4   0x00000018   Code   RO         1554    i.DS18B20_Start     ds18b20.o
    0x08000cfc   0x08000cfc   0x00000064   Code   RO         1555    i.DS18B20_Write_Byte  ds18b20.o
    0x08000d60   0x08000d60   0x00000002   Code   RO          156    i.DebugMon_Handler  stm32f10x_it.o
    0x08000d62   0x08000d62   0x00000002   PAD
    0x08000d64   0x08000d64   0x0000001c   Code   RO         1143    i.ESP8266_Clear     esp8266.o
    0x08000d80   0x08000d80   0x00000050   Code   RO         1144    i.ESP8266_GetIPD    esp8266.o
    0x08000dd0   0x08000dd0   0x000001c8   Code   RO         1145    i.ESP8266_Init      esp8266.o
    0x08000f98   0x08000f98   0x00000050   Code   RO         1146    i.ESP8266_SendCmd   esp8266.o
    0x08000fe8   0x08000fe8   0x00000044   Code   RO         1147    i.ESP8266_SendData  esp8266.o
    0x0800102c   0x0800102c   0x00000034   Code   RO         1148    i.ESP8266_WaitRecive  esp8266.o
    0x08001060   0x08001060   0x00000116   Code   RO          433    i.GPIO_Init         stm32f10x_gpio.o
    0x08001176   0x08001176   0x00000012   Code   RO          437    i.GPIO_ReadInputDataBit  stm32f10x_gpio.o
    0x08001188   0x08001188   0x00000004   Code   RO          440    i.GPIO_ResetBits    stm32f10x_gpio.o
    0x0800118c   0x0800118c   0x00000004   Code   RO          441    i.GPIO_SetBits      stm32f10x_gpio.o
    0x08001190   0x08001190   0x0000000a   Code   RO          444    i.GPIO_WriteBit     stm32f10x_gpio.o
    0x0800119a   0x0800119a   0x00000004   Code   RO          157    i.HardFault_Handler  stm32f10x_it.o
    0x0800119e   0x0800119e   0x00000030   Code   RO            1    i.Hardware_Init     main.o
    0x080011ce   0x080011ce   0x00000002   PAD
    0x080011d0   0x080011d0   0x00000028   Code   RO         1613    i.KEY_Init          key.o
    0x080011f8   0x080011f8   0x00000054   Code   RO         1438    i.LED_Init          led.o
    0x0800124c   0x0800124c   0x0000001c   Code   RO         1214    i.MQTT_DeleteBuffer  mqttkit.o
    0x08001268   0x08001268   0x0000002e   Code   RO         1215    i.MQTT_DumpLength   mqttkit.o
    0x08001296   0x08001296   0x00000058   Code   RO         1216    i.MQTT_NewBuffer    mqttkit.o
    0x080012ee   0x080012ee   0x00000002   PAD
    0x080012f0   0x080012f0   0x0000008c   Code   RO         1217    i.MQTT_PacketCmdResp  mqttkit.o
    0x0800137c   0x0800137c   0x000002a0   Code   RO         1218    i.MQTT_PacketConnect  mqttkit.o
    0x0800161c   0x0800161c   0x000001a2   Code   RO         1221    i.MQTT_PacketPublish  mqttkit.o
    0x080017be   0x080017be   0x00000002   PAD
    0x080017c0   0x080017c0   0x0000005c   Code   RO         1227    i.MQTT_PacketSaveData  mqttkit.o
    0x0800181c   0x0800181c   0x00000046   Code   RO         1230    i.MQTT_ReadLength   mqttkit.o
    0x08001862   0x08001862   0x0000008c   Code   RO         1231    i.MQTT_UnPacketCmd  mqttkit.o
    0x080018ee   0x080018ee   0x0000001e   Code   RO         1232    i.MQTT_UnPacketConnectAck  mqttkit.o
    0x0800190c   0x0800190c   0x0000001e   Code   RO         1234    i.MQTT_UnPacketPublishAck  mqttkit.o
    0x0800192a   0x0800192a   0x00000002   PAD
    0x0800192c   0x0800192c   0x00000074   Code   RO         1238    i.MQTT_UnPacketRecv  mqttkit.o
    0x080019a0   0x080019a0   0x00000004   Code   RO          158    i.MemManage_Handler  stm32f10x_it.o
    0x080019a4   0x080019a4   0x00000002   Code   RO          159    i.NMI_Handler       stm32f10x_it.o
    0x080019a6   0x080019a6   0x00000002   PAD
    0x080019a8   0x080019a8   0x00000070   Code   RO          391    i.NVIC_Init         misc.o
    0x08001a18   0x08001a18   0x00000014   Code   RO          392    i.NVIC_PriorityGroupConfig  misc.o
    0x08001a2c   0x08001a2c   0x00000024   Code   RO            2    i.Net_Init          main.o
    0x08001a50   0x08001a50   0x00000214   Code   RO         1398    i.OneNet_DevLink    onenet.o
    0x08001c64   0x08001c64   0x00000108   Code   RO         1399    i.OneNet_FillBuf    onenet.o
    0x08001d6c   0x08001d6c   0x00000154   Code   RO         1400    i.OneNet_RevPro     onenet.o
    0x08001ec0   0x08001ec0   0x00000098   Code   RO         1401    i.OneNet_SendData   onenet.o
    0x08001f58   0x08001f58   0x00000002   Code   RO          160    i.PendSV_Handler    stm32f10x_it.o
    0x08001f5a   0x08001f5a   0x00000002   PAD
    0x08001f5c   0x08001f5c   0x00000020   Code   RO          723    i.RCC_APB1PeriphClockCmd  stm32f10x_rcc.o
    0x08001f7c   0x08001f7c   0x00000020   Code   RO          725    i.RCC_APB2PeriphClockCmd  stm32f10x_rcc.o
    0x08001f9c   0x08001f9c   0x000000d4   Code   RO          733    i.RCC_GetClocksFreq  stm32f10x_rcc.o
    0x08002070   0x08002070   0x00000002   Code   RO          161    i.SVC_Handler       stm32f10x_it.o
    0x08002072   0x08002072   0x00000008   Code   RO          244    i.SetSysClock       system_stm32f10x.o
    0x0800207a   0x0800207a   0x00000002   PAD
    0x0800207c   0x0800207c   0x000000e0   Code   RO          245    i.SetSysClockTo72   system_stm32f10x.o
    0x0800215c   0x0800215c   0x00000028   Code   RO          395    i.SysTick_CLKSourceConfig  misc.o
    0x08002184   0x08002184   0x00000060   Code   RO          247    i.SystemInit        system_stm32f10x.o
    0x080021e4   0x080021e4   0x00000088   Code   RO          333    i.USART1_IRQHandler  usart.o
    0x0800226c   0x0800226c   0x0000004c   Code   RO         1149    i.USART2_IRQHandler  esp8266.o
    0x080022b8   0x080022b8   0x00000012   Code   RO          541    i.USART_ClearFlag   stm32f10x_usart.o
    0x080022ca   0x080022ca   0x00000018   Code   RO          545    i.USART_Cmd         stm32f10x_usart.o
    0x080022e2   0x080022e2   0x0000001a   Code   RO          548    i.USART_GetFlagStatus  stm32f10x_usart.o
    0x080022fc   0x080022fc   0x00000054   Code   RO          549    i.USART_GetITStatus  stm32f10x_usart.o
    0x08002350   0x08002350   0x0000004a   Code   RO          551    i.USART_ITConfig    stm32f10x_usart.o
    0x0800239a   0x0800239a   0x00000002   PAD
    0x0800239c   0x0800239c   0x000000d8   Code   RO          552    i.USART_Init        stm32f10x_usart.o
    0x08002474   0x08002474   0x0000000a   Code   RO          559    i.USART_ReceiveData  stm32f10x_usart.o
    0x0800247e   0x0800247e   0x00000008   Code   RO          562    i.USART_SendData    stm32f10x_usart.o
    0x08002486   0x08002486   0x00000004   Code   RO          163    i.UsageFault_Handler  stm32f10x_it.o
    0x0800248a   0x0800248a   0x00000002   PAD
    0x0800248c   0x0800248c   0x000000a0   Code   RO          334    i.Usart1_Init       usart.o
    0x0800252c   0x0800252c   0x000000ac   Code   RO         1150    i.Usart2_Init       esp8266.o
    0x080025d8   0x080025d8   0x00000030   Code   RO         1151    i.Usart2_SendString  esp8266.o
    0x08002608   0x08002608   0x00000020   Code   RO         1897    i.__0printf         mc_w.l(printfa.o)
    0x08002628   0x08002628   0x00000028   Code   RO         1899    i.__0sprintf        mc_w.l(printfa.o)
    0x08002650   0x08002650   0x0000000e   Code   RO         2008    i.__scatterload_copy  mc_w.l(handlers.o)
    0x0800265e   0x0800265e   0x00000002   Code   RO         2009    i.__scatterload_null  mc_w.l(handlers.o)
    0x08002660   0x08002660   0x0000000e   Code   RO         2010    i.__scatterload_zeroinit  mc_w.l(handlers.o)
    0x0800266e   0x0800266e   0x00000002   PAD
    0x08002670   0x08002670   0x00000184   Code   RO         1904    i._fp_digits        mc_w.l(printfa.o)
    0x080027f4   0x080027f4   0x000006dc   Code   RO         1905    i._printf_core      mc_w.l(printfa.o)
    0x08002ed0   0x08002ed0   0x00000024   Code   RO         1906    i._printf_post_padding  mc_w.l(printfa.o)
    0x08002ef4   0x08002ef4   0x0000002e   Code   RO         1907    i._printf_pre_padding  mc_w.l(printfa.o)
    0x08002f22   0x08002f22   0x0000000a   Code   RO         1909    i._sputc            mc_w.l(printfa.o)
    0x08002f2c   0x08002f2c   0x000000a0   Code   RO         1614    i.deal_key_val      key.o
    0x08002fcc   0x08002fcc   0x00000044   Code   RO          278    i.delay_init        delay.o
    0x08003010   0x08003010   0x0000004c   Code   RO          279    i.delay_ms          delay.o
    0x0800305c   0x0800305c   0x0000004c   Code   RO          280    i.delay_us          delay.o
    0x080030a8   0x080030a8   0x0000001c   Code   RO          336    i.fputc             usart.o
    0x080030c4   0x080030c4   0x00000050   Code   RO         1925    i.free              mc_w.l(malloc.o)
    0x08003114   0x08003114   0x000000a8   Code   RO         1615    i.get_jz            key.o
    0x080031bc   0x080031bc   0x000000a0   Code   RO            3    i.main              main.o
    0x0800325c   0x0800325c   0x0000006c   Code   RO         1926    i.malloc            mc_w.l(malloc.o)
    0x080032c8   0x080032c8   0x00000020   Data   RO         2006    Region$$Table       anon$$obj.o


    Execution Region ER_RW (Exec base: 0x20000000, Load base: 0x080032e8, Size: 0x00000060, Max: 0xffffffff, ABSOLUTE)

    Exec Addr    Load Addr    Size         Type   Attr      Idx    E Section Name        Object

    0x20000000   0x080032e8   0x0000000c   Data   RW            4    .data               main.o
    0x2000000c   0x080032f4   0x00000014   Data   RW          248    .data               system_stm32f10x.o
    0x20000020   0x08003308   0x00000004   Data   RW          281    .data               delay.o
    0x20000024   0x0800330c   0x00000006   Data   RW          338    .data               usart.o
    0x2000002a   0x08003312   0x00000014   Data   RW          753    .data               stm32f10x_rcc.o
    0x2000003e   0x08003326   0x00000004   Data   RW         1153    .data               esp8266.o
    0x20000042   0x0800332a   0x00000002   PAD
    0x20000044   0x0800332c   0x00000014   Data   RW         1616    .data               key.o
    0x20000058   0x08003340   0x00000004   Data   RW         1993    .data               mc_w.l(mvars.o)
    0x2000005c   0x08003344   0x00000004   Data   RW         1994    .data               mc_w.l(mvars.o)


    Execution Region ER_ZI (Exec base: 0x20000060, Load base: 0x08003348, Size: 0x00000748, Max: 0xffffffff, ABSOLUTE)

    Exec Addr    Load Addr    Size         Type   Attr      Idx    E Section Name        Object

    0x20000060        -       0x000000c8   Zero   RW          337    .bss                usart.o
    0x20000128        -       0x00000080   Zero   RW         1152    .bss                esp8266.o
    0x200001a8        -       0x00000200   Zero   RW          385    HEAP                startup_stm32f10x_md.o
    0x200003a8        -       0x00000400   Zero   RW          384    STACK               startup_stm32f10x_md.o


==============================================================================

Image component sizes


      Code (inc. data)   RO Data    RW Data    ZI Data      Debug   Object Name

       220         26          0          4          0       1711   delay.o
       626         42          0          0          0       5091   dht11.o
       622         42          0          0          0       5601   ds18b20.o
      1060        310          0          4        128       6521   esp8266.o
       368         42          0         20          0       1929   key.o
        84         12          0          0          0        499   led.o
       244         22          0         12          0     232867   main.o
       172         22          0          0          0       2049   misc.o
      1870         28          0          0          0      12537   mqttkit.o
      1288        574          0          0          0       4424   onenet.o
        36          8        236          0       1536        776   startup_stm32f10x_md.o
       314          0          0          0          0       4228   stm32f10x_gpio.o
        24          0          0          0          0       3276   stm32f10x_it.o
       276         32          0         20          0       4430   stm32f10x_rcc.o
       460          6          0          0          0       6703   stm32f10x_usart.o
         0          0          0          0          0         32   sys.o
       328         28          0         20          0       2077   system_stm32f10x.o
       324         26          0          6        200       3646   usart.o

    ----------------------------------------------------------------------
      8340       1220        268         88       1864     298397   Object Totals
         0          0         32          0          0          0   (incl. Generated)
        24          0          0          2          0          0   (incl. Padding)

    ----------------------------------------------------------------------

      Code (inc. data)   RO Data    RW Data    ZI Data      Debug   Library Member Name

         0          0          0          0          0          0   entry.o
         0          0          0          0          0          0   entry10a.o
         0          0          0          0          0          0   entry11a.o
         8          4          0          0          0          0   entry2.o
         4          0          0          0          0          0   entry5.o
         0          0          0          0          0          0   entry7b.o
         0          0          0          0          0          0   entry8b.o
         8          4          0          0          0          0   entry9a.o
        30          0          0          0          0          0   handlers.o
        36          8          0          0          0         68   init.o
         0          0          0          0          0          0   iusefp.o
        30          0          0          0          0         68   llshl.o
        36          0          0          0          0         68   llsshr.o
        32          0          0          0          0         68   llushr.o
       188         20          0          0          0        160   malloc.o
        36          0          0          0          0         68   memcpya.o
        36          0          0          0          0        108   memseta.o
         0          0          0          8          0          0   mvars.o
      2308         96          0          0          0        604   printfa.o
        24          0          0          0          0         68   strcat.o
        20          0          0          0          0         68   strchr.o
        18          0          0          0          0         68   strcpy.o
        14          0          0          0          0         68   strlen.o
        40          0          0          0          0         76   strncat.o
        36          0          0          0          0         80   strstr.o
        44          0          0          0          0         80   uidiv.o
        98          0          0          0          0         92   uldiv.o
        48          0          0          0          0         68   cdrcmple.o
        56          0          0          0          0         88   d2f.o
       334          0          0          0          0        148   dadd.o
       222          0          0          0          0        100   ddiv.o
       186          0          0          0          0        176   depilogue.o
        62          0          0          0          0         80   dfixi.o
        48          0          0          0          0         68   dfixul.o
        26          0          0          0          0         76   dfltui.o
       228          0          0          0          0         96   dmul.o
        38          0          0          0          0         68   f2d.o
       110          0          0          0          0        168   fepilogue.o
        18          0          0          0          0         68   fflti.o

    ----------------------------------------------------------------------
      4424        132          0          8          0       3016   Library Totals
         2          0          0          0          0          0   (incl. Padding)

    ----------------------------------------------------------------------

      Code (inc. data)   RO Data    RW Data    ZI Data      Debug   Library Name

      3046        132          0          8          0       1812   mc_w.l
      1376          0          0          0          0       1204   mf_w.l

    ----------------------------------------------------------------------
      4424        132          0          8          0       3016   Library Totals

    ----------------------------------------------------------------------

==============================================================================


      Code (inc. data)   RO Data    RW Data    ZI Data      Debug   

     12764       1352        268         96       1864     295533   Grand Totals
     12764       1352        268         96       1864     295533   ELF Image Totals
     12764       1352        268         96          0          0   ROM Totals

==============================================================================

    Total RO  Size (Code + RO Data)                13032 (  12.73kB)
    Total RW  Size (RW Data + ZI Data)              1960 (   1.91kB)
    Total ROM Size (Code + RO Data + RW Data)      13128 (  12.82kB)

==============================================================================

